<?xml version="1.0" encoding="utf-8"?>
<TestRun id="2e0060c5-9aff-46c1-b1a2-1714866845d5" name="qloro@KOMPUTER 2025-01-17 20:22:21" runUser="KOMPUTER\qloro" xmlns="http://microsoft.com/schemas/VisualStudio/TeamTest/2010">
  <Times creation="2025-01-17T20:22:21.2173481+01:00" queuing="2025-01-17T20:22:21.2173485+01:00" start="2025-01-17T20:22:20.3637874+01:00" finish="2025-01-17T20:22:23.1199773+01:00" />
  <TestSettings name="default" id="f1b251fd-c566-4334-a437-b31fd057a0e5">
    <Deployment runDeploymentRoot="qloro_KOMPUTER_2025-01-17_20_22_21" />
  </TestSettings>
  <Results>
    <UnitTestResult executionId="f2e6e260-1082-42c8-9647-0a05b98c49af" testId="e83854f6-39c8-4c38-d0ef-138bf5714ca2" testName="SimpleApiBackend.Tests.AccountOtherTests.CheckUsernameAvailability_ReturnsFalse_WhenUsernameIsNotAvailable" computerName="KOMPUTER" duration="00:00:00.0206345" startTime="2025-01-17T20:22:21.1466673+01:00" endTime="2025-01-17T20:22:21.1747867+01:00" testType="13cdc9d9-ddb5-4fa4-a97d-d965ccfc6d4b" outcome="Passed" testListId="8c84fa94-04c1-424b-9868-57a2d4851a1d" relativeResultsDirectory="f2e6e260-1082-42c8-9647-0a05b98c49af" />
    <UnitTestResult executionId="42e052e0-25f9-4d6c-8737-d8502dad3c13" testId="be50e41d-c25c-7c93-a49f-77ea63c02303" testName="SimpleApiBackend.Tests.TripControllerTests.JoinTrip_ShouldReturnNotFound_IfTripDoesNotExist" computerName="KOMPUTER" duration="00:00:00.0126909" startTime="2025-01-17T20:22:21.1990733+01:00" endTime="2025-01-17T20:22:21.2116149+01:00" testType="13cdc9d9-ddb5-4fa4-a97d-d965ccfc6d4b" outcome="Passed" testListId="8c84fa94-04c1-424b-9868-57a2d4851a1d" relativeResultsDirectory="42e052e0-25f9-4d6c-8737-d8502dad3c13" />
    <UnitTestResult executionId="ec9b6a84-9230-4792-b161-93c84bb0939d" testId="c8861108-4a19-7823-e3bd-3fb2e3e5782a" testName="SimpleApiBackend.Tests.AccountRegistrationTests.GenerateEmailConfirmationToken_ReturnsValidToken" computerName="KOMPUTER" duration="00:00:00.0010271" startTime="2025-01-17T20:22:21.5690311+01:00" endTime="2025-01-17T20:22:21.5690808+01:00" testType="13cdc9d9-ddb5-4fa4-a97d-d965ccfc6d4b" outcome="Passed" testListId="8c84fa94-04c1-424b-9868-57a2d4851a1d" relativeResultsDirectory="ec9b6a84-9230-4792-b161-93c84bb0939d" />
    <UnitTestResult executionId="44a49960-fb68-4bc8-bdac-bc4c97f93711" testId="00f7d0f4-c722-7114-1dda-d11aa4a32a09" testName="SimpleApiBackend.Tests.AccountRegistrationTests.Register_ReturnsBadRequest_WhenPasswordsDoNotMatch" computerName="KOMPUTER" duration="00:00:00.0004589" startTime="2025-01-17T20:22:20.9433344+01:00" endTime="2025-01-17T20:22:20.9437439+01:00" testType="13cdc9d9-ddb5-4fa4-a97d-d965ccfc6d4b" outcome="Passed" testListId="8c84fa94-04c1-424b-9868-57a2d4851a1d" relativeResultsDirectory="44a49960-fb68-4bc8-bdac-bc4c97f93711" />
    <UnitTestResult executionId="705d4d0c-b92a-47cf-b822-955a032dfb74" testId="70fa858e-7511-0b74-facb-60d4750a2536" testName="SimpleApiBackend.Tests.ExpensesControllerTests.CreateExpense_ShouldReturnUnauthorized_IfUserNotLoggedIn" computerName="KOMPUTER" duration="00:00:00.0006957" startTime="2025-01-17T20:22:21.2076154+01:00" endTime="2025-01-17T20:22:21.2077368+01:00" testType="13cdc9d9-ddb5-4fa4-a97d-d965ccfc6d4b" outcome="Passed" testListId="8c84fa94-04c1-424b-9868-57a2d4851a1d" relativeResultsDirectory="705d4d0c-b92a-47cf-b822-955a032dfb74" />
    <UnitTestResult executionId="90e97498-ad1e-44ba-b1ae-c11d3590a114" testId="d86a5222-5ca2-64d8-03a4-2c16df7e18f1" testName="SimpleApiBackend.Tests.AccountRegistrationTests.GenerateEmailConfirmationToken_ShouldContainExpiration" computerName="KOMPUTER" duration="00:00:00.1577354" startTime="2025-01-17T20:22:20.7874663+01:00" endTime="2025-01-17T20:22:20.9320859+01:00" testType="13cdc9d9-ddb5-4fa4-a97d-d965ccfc6d4b" outcome="Passed" testListId="8c84fa94-04c1-424b-9868-57a2d4851a1d" relativeResultsDirectory="90e97498-ad1e-44ba-b1ae-c11d3590a114" />
    <UnitTestResult executionId="2a4eb350-b9c1-4882-bbec-9dc47c7353d4" testId="4ce03b1f-d5c2-8c5c-5445-46717d572638" testName="SimpleApiBackend.Tests.ExpensesControllerAdditionalTests.GetDebtsSummaryByUser_ShouldReturnEmptyList_IfUserHasNoDebts" computerName="KOMPUTER" duration="00:00:00.0409678" startTime="2025-01-17T20:22:21.1746960+01:00" endTime="2025-01-17T20:22:21.2083590+01:00" testType="13cdc9d9-ddb5-4fa4-a97d-d965ccfc6d4b" outcome="Passed" testListId="8c84fa94-04c1-424b-9868-57a2d4851a1d" relativeResultsDirectory="2a4eb350-b9c1-4882-bbec-9dc47c7353d4" />
    <UnitTestResult executionId="a33d1cb1-cbe0-4567-9bc1-0e34d9c7dade" testId="b5f893f4-42e9-0c18-5abb-b9bc0bd4691e" testName="SimpleApiBackend.Tests.InvitationsControllerTests.RespondToInvitation_ShouldReturnNotFound_IfInvitationDoesNotExist" computerName="KOMPUTER" duration="00:00:00.0069283" startTime="2025-01-17T20:22:21.2394487+01:00" endTime="2025-01-17T20:22:21.2462530+01:00" testType="13cdc9d9-ddb5-4fa4-a97d-d965ccfc6d4b" outcome="Passed" testListId="8c84fa94-04c1-424b-9868-57a2d4851a1d" relativeResultsDirectory="a33d1cb1-cbe0-4567-9bc1-0e34d9c7dade" />
    <UnitTestResult executionId="43d33e8f-263d-4b8c-b94f-008362ebe20a" testId="1945700e-ca21-ac23-c572-a151ca6d41c2" testName="SimpleApiBackend.Tests.TripControllerTests.LeaveTrip_ShouldReturnOk_IfMember" computerName="KOMPUTER" duration="00:00:00.3885790" startTime="2025-01-17T20:22:20.7875162+01:00" endTime="2025-01-17T20:22:21.1639441+01:00" testType="13cdc9d9-ddb5-4fa4-a97d-d965ccfc6d4b" outcome="Passed" testListId="8c84fa94-04c1-424b-9868-57a2d4851a1d" relativeResultsDirectory="43d33e8f-263d-4b8c-b94f-008362ebe20a" />
    <UnitTestResult executionId="3301703b-55c1-469c-8225-8f80d68c6bcc" testId="07137764-ca5c-e2d6-4a8d-75c4232cb280" testName="SimpleApiBackend.Tests.InvitationsControllerTests.GetPendingInvitationsCount_ShouldReturnCorrectCount" computerName="KOMPUTER" duration="00:00:00.0057803" startTime="2025-01-17T20:22:21.2473105+01:00" endTime="2025-01-17T20:22:21.2521009+01:00" testType="13cdc9d9-ddb5-4fa4-a97d-d965ccfc6d4b" outcome="Passed" testListId="8c84fa94-04c1-424b-9868-57a2d4851a1d" relativeResultsDirectory="3301703b-55c1-469c-8225-8f80d68c6bcc" />
    <UnitTestResult executionId="fc3e40c6-7ae4-462f-9007-47dd478a4863" testId="2e7555fb-f1a4-2fcd-4aef-db42f74cb74a" testName="SimpleApiBackend.Tests.TripControllerTests.GetUserTrips_ShouldReturnEmpty_IfNoTrips" computerName="KOMPUTER" duration="00:00:00.0126952" startTime="2025-01-17T20:22:21.2127899+01:00" endTime="2025-01-17T20:22:21.2243745+01:00" testType="13cdc9d9-ddb5-4fa4-a97d-d965ccfc6d4b" outcome="Passed" testListId="8c84fa94-04c1-424b-9868-57a2d4851a1d" relativeResultsDirectory="fc3e40c6-7ae4-462f-9007-47dd478a4863" />
    <UnitTestResult executionId="c970786d-8aa1-4770-a7dc-4d079edc6854" testId="f9ab78b1-75d0-a52d-96fa-82f59e6320fc" testName="AccountEditProfileTests.EditProfile_ReturnsOk_WhenUsernameIsUpdated" computerName="KOMPUTER" duration="00:00:00.2435660" startTime="2025-01-17T20:22:21.6927373+01:00" endTime="2025-01-17T20:22:21.9362451+01:00" testType="13cdc9d9-ddb5-4fa4-a97d-d965ccfc6d4b" outcome="Passed" testListId="8c84fa94-04c1-424b-9868-57a2d4851a1d" relativeResultsDirectory="c970786d-8aa1-4770-a7dc-4d079edc6854" />
    <UnitTestResult executionId="8cc28b92-ae1c-4815-a495-1af1ab48a545" testId="3e1ff4d9-67f0-9f5c-50df-2c23fe6440bc" testName="SimpleApiBackend.Tests.ExpensesControllerAdditionalTests.DeleteExpense_ShouldReturnBadRequest_IfUserNotCreator" computerName="KOMPUTER" duration="00:00:00.0266870" startTime="2025-01-17T20:22:21.2085488+01:00" endTime="2025-01-17T20:22:21.2347280+01:00" testType="13cdc9d9-ddb5-4fa4-a97d-d965ccfc6d4b" outcome="Passed" testListId="8c84fa94-04c1-424b-9868-57a2d4851a1d" relativeResultsDirectory="8cc28b92-ae1c-4815-a495-1af1ab48a545" />
    <UnitTestResult executionId="7dbea3ff-8d1c-4d55-96b9-739acc714604" testId="ca8eb107-640f-49c6-740d-b1404d984eed" testName="SimpleApiBackend.Tests.AdminControllerTests.UpdateUserRole_UserNotFound_ReturnsNotFound" computerName="KOMPUTER" duration="00:00:00.2489976" startTime="2025-01-17T20:22:22.5867064+01:00" endTime="2025-01-17T20:22:22.8301905+01:00" testType="13cdc9d9-ddb5-4fa4-a97d-d965ccfc6d4b" outcome="Passed" testListId="8c84fa94-04c1-424b-9868-57a2d4851a1d" relativeResultsDirectory="7dbea3ff-8d1c-4d55-96b9-739acc714604" />
    <UnitTestResult executionId="a2e3a935-bc2d-4d89-9167-f3515adaafcc" testId="1d48957a-2813-703e-3a31-5ffe676d96b5" testName="SimpleApiBackend.Tests.AdminControllerTests.UpdateUserRole_UserExists_UpdatesRole" computerName="KOMPUTER" duration="00:00:00.2409193" startTime="2025-01-17T20:22:22.8304453+01:00" endTime="2025-01-17T20:22:23.0711775+01:00" testType="13cdc9d9-ddb5-4fa4-a97d-d965ccfc6d4b" outcome="Passed" testListId="8c84fa94-04c1-424b-9868-57a2d4851a1d" relativeResultsDirectory="a2e3a935-bc2d-4d89-9167-f3515adaafcc" />
    <UnitTestResult executionId="8ef6472b-7e52-49f2-96c2-ff8643521757" testId="cd62d403-4379-2117-9bad-085d30d17073" testName="SimpleApiBackend.Tests.AccountRegistrationTests.Register_ReturnsOk_WhenDataIsValid" computerName="KOMPUTER" duration="00:00:00.4115246" startTime="2025-01-17T20:22:20.9438172+01:00" endTime="2025-01-17T20:22:21.3553756+01:00" testType="13cdc9d9-ddb5-4fa4-a97d-d965ccfc6d4b" outcome="Passed" testListId="8c84fa94-04c1-424b-9868-57a2d4851a1d" relativeResultsDirectory="8ef6472b-7e52-49f2-96c2-ff8643521757" />
    <UnitTestResult executionId="1f7c766c-37ea-4677-847a-06147539a885" testId="8ef922c8-ae03-9b49-43f6-432380d6e67a" testName="SimpleApiBackend.Tests.AdminControllerTests.DeleteUser_UserExists_DeletesUser" computerName="KOMPUTER" duration="00:00:00.7870165" startTime="2025-01-17T20:22:20.7874822+01:00" endTime="2025-01-17T20:22:21.5657488+01:00" testType="13cdc9d9-ddb5-4fa4-a97d-d965ccfc6d4b" outcome="Failed" testListId="8c84fa94-04c1-424b-9868-57a2d4851a1d" relativeResultsDirectory="1f7c766c-37ea-4677-847a-06147539a885">
      <Output>
        <ErrorInfo>
          <Message>Assert.Equal() Failure: Values differ&#xD;
Expected: User deleted successfully.&#xD;
Actual:   { message = "User and all associated data deleted successfully." }</Message>
          <StackTrace>   at SimpleApiBackend.Tests.AdminControllerTests.DeleteUser_UserExists_DeletesUser() in C:\Users\qloro\OneDrive\Pulpit\Mateusz\SimpleApiBackend\SimpleApiBackend.Tests\AdminControllerTests.cs:line 140&#xD;
--- End of stack trace from previous location ---</StackTrace>
        </ErrorInfo>
      </Output>
    </UnitTestResult>
    <UnitTestResult executionId="c5c2e9e5-dc0e-4ff8-bac9-90fe009129a1" testId="0fa4405c-8acb-56eb-4a28-91bdac6657e6" testName="SimpleApiBackend.Tests.ExpensesControllerAdditionalTests.UpdateDebtStatus_ShouldReturnNotFound_IfDebtDoesNotExist" computerName="KOMPUTER" duration="00:00:00.0054986" startTime="2025-01-17T20:22:21.2349314+01:00" endTime="2025-01-17T20:22:21.2402708+01:00" testType="13cdc9d9-ddb5-4fa4-a97d-d965ccfc6d4b" outcome="Passed" testListId="8c84fa94-04c1-424b-9868-57a2d4851a1d" relativeResultsDirectory="c5c2e9e5-dc0e-4ff8-bac9-90fe009129a1" />
    <UnitTestResult executionId="0cbb1007-2b5a-423a-903a-19d44bbc1df3" testId="a4a2d19d-1f84-9ea9-4198-e61e8b7790bd" testName="SimpleApiBackend.Tests.AccountRegistrationTests.Register_ReturnsBadRequest_WhenPasswordIsWeak" computerName="KOMPUTER" duration="00:00:00.0105349" startTime="2025-01-17T20:22:20.9368048+01:00" endTime="2025-01-17T20:22:20.9426105+01:00" testType="13cdc9d9-ddb5-4fa4-a97d-d965ccfc6d4b" outcome="Passed" testListId="8c84fa94-04c1-424b-9868-57a2d4851a1d" relativeResultsDirectory="0cbb1007-2b5a-423a-903a-19d44bbc1df3" />
    <UnitTestResult executionId="4a1ca1b7-648c-4e9a-a529-1f1090c12104" testId="2b732f87-fc3b-a7ec-5327-35e717ae8a5f" testName="SimpleApiBackend.Tests.ExpensesControllerTests.CreateExpense_ShouldReturnNotFound_IfTripDoesNotExist" computerName="KOMPUTER" duration="00:00:00.0007221" startTime="2025-01-17T20:22:21.2069271+01:00" endTime="2025-01-17T20:22:21.2070790+01:00" testType="13cdc9d9-ddb5-4fa4-a97d-d965ccfc6d4b" outcome="Passed" testListId="8c84fa94-04c1-424b-9868-57a2d4851a1d" relativeResultsDirectory="4a1ca1b7-648c-4e9a-a529-1f1090c12104" />
    <UnitTestResult executionId="c6f2411c-aa90-4983-9477-c02a4d569497" testId="a1d70f64-e5fd-7716-c15a-8cb521ec21aa" testName="SimpleApiBackend.Tests.AdminControllerTests.GetUsers_ReturnsListOfUsers" computerName="KOMPUTER" duration="00:00:00.2475182" startTime="2025-01-17T20:22:21.5688676+01:00" endTime="2025-01-17T20:22:21.8129397+01:00" testType="13cdc9d9-ddb5-4fa4-a97d-d965ccfc6d4b" outcome="Passed" testListId="8c84fa94-04c1-424b-9868-57a2d4851a1d" relativeResultsDirectory="c6f2411c-aa90-4983-9477-c02a4d569497" />
    <UnitTestResult executionId="9c81dad1-7b73-4bab-b1ce-8bd53fb061bf" testId="8f8d37ea-476f-be9b-05a6-ed606b178144" testName="SimpleApiBackend.Tests.InvitationsControllerTests.SendInvitation_ShouldReturnBadRequest_IfReceiverNotFound" computerName="KOMPUTER" duration="00:00:00.0010201" startTime="2025-01-17T20:22:21.2082324+01:00" endTime="2025-01-17T20:22:21.2086748+01:00" testType="13cdc9d9-ddb5-4fa4-a97d-d965ccfc6d4b" outcome="Passed" testListId="8c84fa94-04c1-424b-9868-57a2d4851a1d" relativeResultsDirectory="9c81dad1-7b73-4bab-b1ce-8bd53fb061bf" />
    <UnitTestResult executionId="067315d4-1503-4269-952c-71af58800a05" testId="2f1b8f38-938c-3cee-b009-9f366a8bd833" testName="SimpleApiBackend.Tests.ExpensesControllerAdditionalTests.CreateExpense_ShouldReturnBadRequest_IfDateOutOfRange" computerName="KOMPUTER" duration="00:00:00.3918875" startTime="2025-01-17T20:22:20.7875484+01:00" endTime="2025-01-17T20:22:21.1744310+01:00" testType="13cdc9d9-ddb5-4fa4-a97d-d965ccfc6d4b" outcome="Passed" testListId="8c84fa94-04c1-424b-9868-57a2d4851a1d" relativeResultsDirectory="067315d4-1503-4269-952c-71af58800a05" />
    <UnitTestResult executionId="d803023f-b85f-46c6-ad3c-e4d8db8ae3a8" testId="74032b34-3d52-1780-6510-bed9622924b2" testName="SimpleApiBackend.Tests.AccountControllerTests.ResetPassword_ShouldResetPassword_IfTokenValid" computerName="KOMPUTER" duration="00:00:00.9076822" startTime="2025-01-17T20:22:20.7862534+01:00" endTime="2025-01-17T20:22:21.6805419+01:00" testType="13cdc9d9-ddb5-4fa4-a97d-d965ccfc6d4b" outcome="Passed" testListId="8c84fa94-04c1-424b-9868-57a2d4851a1d" relativeResultsDirectory="d803023f-b85f-46c6-ad3c-e4d8db8ae3a8" />
    <UnitTestResult executionId="4a07d368-efb7-4612-9dc8-2b25d40b8c57" testId="fcd05416-9975-9888-9ac1-47e6dac92653" testName="SimpleApiBackend.Tests.InvitationsControllerTests.RespondToInvitation_ShouldUpdateStatus_IfValid" computerName="KOMPUTER" duration="00:00:00.0115872" startTime="2025-01-17T20:22:21.2088591+01:00" endTime="2025-01-17T20:22:21.2199890+01:00" testType="13cdc9d9-ddb5-4fa4-a97d-d965ccfc6d4b" outcome="Passed" testListId="8c84fa94-04c1-424b-9868-57a2d4851a1d" relativeResultsDirectory="4a07d368-efb7-4612-9dc8-2b25d40b8c57" />
    <UnitTestResult executionId="db1660be-23c1-4d91-b95d-97d0b1abe291" testId="490dab82-cefc-f088-50f6-a5bd75d02727" testName="SimpleApiBackend.Tests.InvitationsControllerTests.CheckExistingInvitation_ShouldReturnTrue_IfUserIsAlreadyMember" computerName="KOMPUTER" duration="00:00:00.0191602" startTime="2025-01-17T20:22:21.2201824+01:00" endTime="2025-01-17T20:22:21.2392401+01:00" testType="13cdc9d9-ddb5-4fa4-a97d-d965ccfc6d4b" outcome="Passed" testListId="8c84fa94-04c1-424b-9868-57a2d4851a1d" relativeResultsDirectory="db1660be-23c1-4d91-b95d-97d0b1abe291" />
    <UnitTestResult executionId="f269afb4-36cd-4ee4-b556-9be2ac9d4006" testId="10d50671-4a32-6f56-cb4f-1798cbe3f359" testName="SimpleApiBackend.Tests.ExpensesControllerTests.CreateExpense_ShouldReturnBadRequest_IfDtoIsNull" computerName="KOMPUTER" duration="00:00:00.0005804" startTime="2025-01-17T20:22:21.2072978+01:00" endTime="2025-01-17T20:22:21.2074240+01:00" testType="13cdc9d9-ddb5-4fa4-a97d-d965ccfc6d4b" outcome="Passed" testListId="8c84fa94-04c1-424b-9868-57a2d4851a1d" relativeResultsDirectory="f269afb4-36cd-4ee4-b556-9be2ac9d4006" />
    <UnitTestResult executionId="367ecfd5-2457-40f5-88a5-9356d65a6a33" testId="c9297129-7244-3a6a-58ba-a4a523184949" testName="SimpleApiBackend.Tests.AccountOtherTests.CheckUsernameAvailability_ReturnsTrue_WhenUsernameIsAvailable" computerName="KOMPUTER" duration="00:00:00.3734720" startTime="2025-01-17T20:22:20.7874291+01:00" endTime="2025-01-17T20:22:21.1463381+01:00" testType="13cdc9d9-ddb5-4fa4-a97d-d965ccfc6d4b" outcome="Passed" testListId="8c84fa94-04c1-424b-9868-57a2d4851a1d" relativeResultsDirectory="367ecfd5-2457-40f5-88a5-9356d65a6a33" />
    <UnitTestResult executionId="7e76ec81-a176-4a9e-b41e-1df470cfaacf" testId="e588c76e-6418-19f7-5533-cc68f5e7e344" testName="SimpleApiBackend.Tests.ExpensesControllerTests.CreateExpense_ShouldCreateExpense_IfAllConditionsMet" computerName="KOMPUTER" duration="00:00:00.0267263" startTime="2025-01-17T20:22:21.2079188+01:00" endTime="2025-01-17T20:22:21.2339139+01:00" testType="13cdc9d9-ddb5-4fa4-a97d-d965ccfc6d4b" outcome="Passed" testListId="8c84fa94-04c1-424b-9868-57a2d4851a1d" relativeResultsDirectory="7e76ec81-a176-4a9e-b41e-1df470cfaacf" />
    <UnitTestResult executionId="83fe8e30-dd7c-4912-9111-6e0b33c17cc1" testId="7676c5e4-08f8-9802-1d4e-e7295b6a6c0e" testName="SimpleApiBackend.Tests.AdminControllerTests.GetUserTrips_UserHasTrips_ReturnsTrips" computerName="KOMPUTER" duration="00:00:00.2753781" startTime="2025-01-17T20:22:22.3064369+01:00" endTime="2025-01-17T20:22:22.5809936+01:00" testType="13cdc9d9-ddb5-4fa4-a97d-d965ccfc6d4b" outcome="Passed" testListId="8c84fa94-04c1-424b-9868-57a2d4851a1d" relativeResultsDirectory="83fe8e30-dd7c-4912-9111-6e0b33c17cc1" />
    <UnitTestResult executionId="8b1cce5f-28a5-4431-8066-1d0d94aa4c39" testId="81d733ea-4eaa-2053-1449-6e66a61ab976" testName="SimpleApiBackend.Tests.TripControllerTests.GetTripDetails_ShouldReturnNotFound_IfTripDoesNotExist" computerName="KOMPUTER" duration="00:00:00.0316919" startTime="2025-01-17T20:22:21.1747330+01:00" endTime="2025-01-17T20:22:21.1988101+01:00" testType="13cdc9d9-ddb5-4fa4-a97d-d965ccfc6d4b" outcome="Passed" testListId="8c84fa94-04c1-424b-9868-57a2d4851a1d" relativeResultsDirectory="8b1cce5f-28a5-4431-8066-1d0d94aa4c39" />
    <UnitTestResult executionId="459df87f-db6e-4558-a0dc-ffb32b110de7" testId="cbae7519-337c-f4d9-70d2-83998e52a20f" testName="SimpleApiBackend.Tests.AccountRegistrationTests.Register_ReturnsBadRequest_WhenRequiredFieldsAreMissing" computerName="KOMPUTER" duration="00:00:00.0006356" startTime="2025-01-17T20:22:20.9431612+01:00" endTime="2025-01-17T20:22:20.9432449+01:00" testType="13cdc9d9-ddb5-4fa4-a97d-d965ccfc6d4b" outcome="Passed" testListId="8c84fa94-04c1-424b-9868-57a2d4851a1d" relativeResultsDirectory="459df87f-db6e-4558-a0dc-ffb32b110de7" />
    <UnitTestResult executionId="3b829f96-f953-40ba-b013-03d8e6dc58bd" testId="b50eef59-bc5b-05cc-75a9-ab459589de99" testName="SimpleApiBackend.Tests.InvitationsControllerTests.SendInvitation_ShouldCreateInvitation_IfValid" computerName="KOMPUTER" duration="00:00:00.3953579" startTime="2025-01-17T20:22:20.7875620+01:00" endTime="2025-01-17T20:22:21.1758445+01:00" testType="13cdc9d9-ddb5-4fa4-a97d-d965ccfc6d4b" outcome="Passed" testListId="8c84fa94-04c1-424b-9868-57a2d4851a1d" relativeResultsDirectory="3b829f96-f953-40ba-b013-03d8e6dc58bd" />
    <UnitTestResult executionId="29725361-f8ec-4e85-994e-f74bebcb7268" testId="930c5497-92b6-7a8d-7f8a-d17fef1c7759" testName="SimpleApiBackend.Tests.AdminControllerTests.EditTrip_TripExists_UpdatesTrip" computerName="KOMPUTER" duration="00:00:00.2451419" startTime="2025-01-17T20:22:22.0602359+01:00" endTime="2025-01-17T20:22:22.3055189+01:00" testType="13cdc9d9-ddb5-4fa4-a97d-d965ccfc6d4b" outcome="Failed" testListId="8c84fa94-04c1-424b-9868-57a2d4851a1d" relativeResultsDirectory="29725361-f8ec-4e85-994e-f74bebcb7268">
      <Output>
        <ErrorInfo>
          <Message>Assert.Equal() Failure: Values differ&#xD;
Expected: Trip updated successfully.&#xD;
Actual:   { message = "Trip updated successfully.", updatedTrip = Trip { CreatorId = 0, Description = "Updated Description", EndDate = 2025-01-24T19:22:22.3033185Z, Expenses = null, Invitations = null, ··· } }</Message>
          <StackTrace>   at SimpleApiBackend.Tests.AdminControllerTests.EditTrip_TripExists_UpdatesTrip() in C:\Users\qloro\OneDrive\Pulpit\Mateusz\SimpleApiBackend\SimpleApiBackend.Tests\AdminControllerTests.cs:line 182&#xD;
--- End of stack trace from previous location ---</StackTrace>
        </ErrorInfo>
      </Output>
    </UnitTestResult>
    <UnitTestResult executionId="9ff811ca-ee02-4634-ae0f-73a4bd0d321b" testId="a6e98ec9-c23a-6b0d-cc46-c0af1b017531" testName="SimpleApiBackend.Tests.ExpensesControllerTests.UpdateDebtStatus_ShouldUpdateStatus_IfDebtExists" computerName="KOMPUTER" duration="00:00:00.0379080" startTime="2025-01-17T20:22:21.1747162+01:00" endTime="2025-01-17T20:22:21.2049781+01:00" testType="13cdc9d9-ddb5-4fa4-a97d-d965ccfc6d4b" outcome="Passed" testListId="8c84fa94-04c1-424b-9868-57a2d4851a1d" relativeResultsDirectory="9ff811ca-ee02-4634-ae0f-73a4bd0d321b" />
    <UnitTestResult executionId="2eb0c1f0-31c5-4781-bd08-ec2370ffbe05" testId="78eb7348-6d8c-91e8-c7d2-4c48f9828fe6" testName="SimpleApiBackend.Tests.InvitationsControllerTests.SendInvitation_ShouldReturnUnauthorized_IfUserNotLoggedIn" computerName="KOMPUTER" duration="00:00:00.0006833" startTime="2025-01-17T20:22:21.2562819+01:00" endTime="2025-01-17T20:22:21.2568593+01:00" testType="13cdc9d9-ddb5-4fa4-a97d-d965ccfc6d4b" outcome="Passed" testListId="8c84fa94-04c1-424b-9868-57a2d4851a1d" relativeResultsDirectory="2eb0c1f0-31c5-4781-bd08-ec2370ffbe05" />
    <UnitTestResult executionId="73044fcb-fcb6-47af-afc8-e4d85ce30e29" testId="77f0ae43-6d43-5a92-f587-aa5a1a2f59da" testName="SimpleApiBackend.Tests.TripControllerTests.CreateTrip_ShouldReturnOk_IfValid" computerName="KOMPUTER" duration="00:00:00.0041804" startTime="2025-01-17T20:22:21.2246673+01:00" endTime="2025-01-17T20:22:21.2286112+01:00" testType="13cdc9d9-ddb5-4fa4-a97d-d965ccfc6d4b" outcome="Passed" testListId="8c84fa94-04c1-424b-9868-57a2d4851a1d" relativeResultsDirectory="73044fcb-fcb6-47af-afc8-e4d85ce30e29" />
    <UnitTestResult executionId="72f4bef3-4d3f-4392-a052-f8605f6db417" testId="0a0ddea5-f446-ed25-594f-53df3c131830" testName="SimpleApiBackend.Tests.ExpensesControllerTests.CreateExpense_ShouldReturnBadRequest_IfUserNotPartOfTrip" computerName="KOMPUTER" duration="00:00:00.3918508" startTime="2025-01-17T20:22:20.7874978+01:00" endTime="2025-01-17T20:22:21.1670180+01:00" testType="13cdc9d9-ddb5-4fa4-a97d-d965ccfc6d4b" outcome="Passed" testListId="8c84fa94-04c1-424b-9868-57a2d4851a1d" relativeResultsDirectory="72f4bef3-4d3f-4392-a052-f8605f6db417" />
    <UnitTestResult executionId="59f295e4-35af-4cc5-9404-c12c61de8106" testId="2e40dcd2-b9cc-0c26-184b-1cd7b9cf101d" testName="AccountLoginTests.Login_ReturnsUnauthorized_WhenEmailNotConfirmed" computerName="KOMPUTER" duration="00:00:00.4868946" startTime="2025-01-17T20:22:22.0550557+01:00" endTime="2025-01-17T20:22:22.5418918+01:00" testType="13cdc9d9-ddb5-4fa4-a97d-d965ccfc6d4b" outcome="Passed" testListId="8c84fa94-04c1-424b-9868-57a2d4851a1d" relativeResultsDirectory="59f295e4-35af-4cc5-9404-c12c61de8106" />
    <UnitTestResult executionId="c4e62224-83d3-453a-b489-c0f1d50ffa78" testId="6de2e990-9c0e-36a5-0698-1e4a00a8eedf" testName="SimpleApiBackend.Tests.InvitationsControllerTests.GetReceivedInvitations_ShouldReturnList_IfUserHasInvitations" computerName="KOMPUTER" duration="00:00:00.0366601" startTime="2025-01-17T20:22:21.1759689+01:00" endTime="2025-01-17T20:22:21.2080435+01:00" testType="13cdc9d9-ddb5-4fa4-a97d-d965ccfc6d4b" outcome="Passed" testListId="8c84fa94-04c1-424b-9868-57a2d4851a1d" relativeResultsDirectory="c4e62224-83d3-453a-b489-c0f1d50ffa78" />
    <UnitTestResult executionId="735f9ee4-8947-44f4-9c83-c23ec151dbc4" testId="f2f95cab-1a60-f4c8-f7e1-0e846b7744a8" testName="SimpleApiBackend.Tests.TripControllerTests.LeaveTrip_ShouldReturnNotFound_IfNotMember" computerName="KOMPUTER" duration="00:00:00.0031373" startTime="2025-01-17T20:22:21.1640948+01:00" endTime="2025-01-17T20:22:21.1743600+01:00" testType="13cdc9d9-ddb5-4fa4-a97d-d965ccfc6d4b" outcome="Passed" testListId="8c84fa94-04c1-424b-9868-57a2d4851a1d" relativeResultsDirectory="735f9ee4-8947-44f4-9c83-c23ec151dbc4" />
    <UnitTestResult executionId="ef2d580c-8bee-439a-8571-bcfe0599dcdc" testId="6c26d856-2c12-eb18-920e-2ee14f1b20e8" testName="SimpleApiBackend.Tests.AccountRegistrationTests.Register_ReturnsBadRequest_WhenUserAlreadyExists" computerName="KOMPUTER" duration="00:00:00.2101371" startTime="2025-01-17T20:22:21.3556436+01:00" endTime="2025-01-17T20:22:21.5689142+01:00" testType="13cdc9d9-ddb5-4fa4-a97d-d965ccfc6d4b" outcome="Passed" testListId="8c84fa94-04c1-424b-9868-57a2d4851a1d" relativeResultsDirectory="ef2d580c-8bee-439a-8571-bcfe0599dcdc" />
    <UnitTestResult executionId="f24902d7-ea10-4dab-8190-dda105bf5f1b" testId="afbea80b-52e5-b103-d373-30e4dd043544" testName="SimpleApiBackend.Tests.AccountControllerTests.ResetPassword_ShouldReturnBadRequest_IfTokenInvalid" computerName="KOMPUTER" duration="00:00:00.1231175" startTime="2025-01-17T20:22:21.6813094+01:00" endTime="2025-01-17T20:22:21.8037763+01:00" testType="13cdc9d9-ddb5-4fa4-a97d-d965ccfc6d4b" outcome="Passed" testListId="8c84fa94-04c1-424b-9868-57a2d4851a1d" relativeResultsDirectory="f24902d7-ea10-4dab-8190-dda105bf5f1b" />
    <UnitTestResult executionId="57befa09-8eb7-4212-997d-48a43c0285ea" testId="150f06ed-feff-59bf-683d-99db2b017ad1" testName="SimpleApiBackend.Tests.ExpensesControllerAdditionalTests.DeleteExpense_ShouldReturnNotFound_IfExpenseDoesNotExist" computerName="KOMPUTER" duration="00:00:00.0005957" startTime="2025-01-17T20:22:21.2403921+01:00" endTime="2025-01-17T20:22:21.2409627+01:00" testType="13cdc9d9-ddb5-4fa4-a97d-d965ccfc6d4b" outcome="Passed" testListId="8c84fa94-04c1-424b-9868-57a2d4851a1d" relativeResultsDirectory="57befa09-8eb7-4212-997d-48a43c0285ea" />
    <UnitTestResult executionId="b4c39295-a13b-4ab1-962f-18f27b3526dd" testId="3661d179-064e-58b8-d0bb-96e879fbbc8d" testName="AccountLoginTests.Login_ReturnsUnauthorized_WhenCredentialsAreInvalid" computerName="KOMPUTER" duration="00:00:00.3659055" startTime="2025-01-17T20:22:21.6889613+01:00" endTime="2025-01-17T20:22:22.0548267+01:00" testType="13cdc9d9-ddb5-4fa4-a97d-d965ccfc6d4b" outcome="Passed" testListId="8c84fa94-04c1-424b-9868-57a2d4851a1d" relativeResultsDirectory="b4c39295-a13b-4ab1-962f-18f27b3526dd" />
    <UnitTestResult executionId="7b75a6c3-4c9b-43b3-8b06-ba9818df861a" testId="f8943156-305c-acd8-cc05-fabdac5bf83b" testName="SimpleApiBackend.Tests.InvitationsControllerTests.RespondToInvitation_ShouldRemoveInvitation_IfRejected" computerName="KOMPUTER" duration="00:00:00.0035103" startTime="2025-01-17T20:22:21.2526809+01:00" endTime="2025-01-17T20:22:21.2561045+01:00" testType="13cdc9d9-ddb5-4fa4-a97d-d965ccfc6d4b" outcome="Passed" testListId="8c84fa94-04c1-424b-9868-57a2d4851a1d" relativeResultsDirectory="7b75a6c3-4c9b-43b3-8b06-ba9818df861a" />
    <UnitTestResult executionId="28040748-b9f6-4082-af42-b734157afbfa" testId="64db5553-a90c-a809-6748-99e144849db7" testName="AccountEditProfileTests.EditProfile_ReturnsBadRequest_WhenUsernameIsTaken" computerName="KOMPUTER" duration="00:00:00.9196089" startTime="2025-01-17T20:22:20.7875755+01:00" endTime="2025-01-17T20:22:21.6925434+01:00" testType="13cdc9d9-ddb5-4fa4-a97d-d965ccfc6d4b" outcome="Passed" testListId="8c84fa94-04c1-424b-9868-57a2d4851a1d" relativeResultsDirectory="28040748-b9f6-4082-af42-b734157afbfa" />
    <UnitTestResult executionId="71e66344-ac1d-45c0-950c-e288622b12cd" testId="cd9e8949-6789-9c60-049d-e8dbf86042a5" testName="AccountLoginTests.Login_ReturnsOk_WhenCredentialsAreValid" computerName="KOMPUTER" duration="00:00:00.9158631" startTime="2025-01-17T20:22:20.7875319+01:00" endTime="2025-01-17T20:22:21.6887675+01:00" testType="13cdc9d9-ddb5-4fa4-a97d-d965ccfc6d4b" outcome="Passed" testListId="8c84fa94-04c1-424b-9868-57a2d4851a1d" relativeResultsDirectory="71e66344-ac1d-45c0-950c-e288622b12cd" />
    <UnitTestResult executionId="35005f96-a6b0-49de-b85c-4ca03928034c" testId="5ccf1ffc-0b6e-a9d6-b0e4-d7135718c16f" testName="SimpleApiBackend.Tests.InvitationsControllerTests.GetReceivedInvitations_ShouldReturnUnauthorized_IfUserNotLoggedIn" computerName="KOMPUTER" duration="00:00:00.0003786" startTime="2025-01-17T20:22:21.2523421+01:00" endTime="2025-01-17T20:22:21.2524716+01:00" testType="13cdc9d9-ddb5-4fa4-a97d-d965ccfc6d4b" outcome="Passed" testListId="8c84fa94-04c1-424b-9868-57a2d4851a1d" relativeResultsDirectory="35005f96-a6b0-49de-b85c-4ca03928034c" />
    <UnitTestResult executionId="bd937387-a5b3-41db-a784-264de8e32b93" testId="38c2fe3f-ae51-20b2-25a3-ce7255f86012" testName="SimpleApiBackend.Tests.AdminControllerTests.DeleteUser_UserNotFound_ReturnsNotFound" computerName="KOMPUTER" duration="00:00:00.2469277" startTime="2025-01-17T20:22:21.8131220+01:00" endTime="2025-01-17T20:22:22.0600012+01:00" testType="13cdc9d9-ddb5-4fa4-a97d-d965ccfc6d4b" outcome="Passed" testListId="8c84fa94-04c1-424b-9868-57a2d4851a1d" relativeResultsDirectory="bd937387-a5b3-41db-a784-264de8e32b93" />
  </Results>
  <TestDefinitions>
    <UnitTest name="SimpleApiBackend.Tests.AccountRegistrationTests.Register_ReturnsBadRequest_WhenUserAlreadyExists" storage="c:\users\qloro\onedrive\pulpit\mateusz\simpleapibackend\simpleapibackend.tests\bin\debug\net8.0\simpleapibackend.tests.dll" id="6c26d856-2c12-eb18-920e-2ee14f1b20e8">
      <Execution id="ef2d580c-8bee-439a-8571-bcfe0599dcdc" />
      <TestMethod codeBase="C:\Users\qloro\OneDrive\Pulpit\Mateusz\SimpleApiBackend\SimpleApiBackend.Tests\bin\Debug\net8.0\SimpleApiBackend.Tests.dll" adapterTypeName="executor://xunit/VsTestRunner3/netcore/" className="SimpleApiBackend.Tests.AccountRegistrationTests" name="Register_ReturnsBadRequest_WhenUserAlreadyExists" />
    </UnitTest>
    <UnitTest name="SimpleApiBackend.Tests.TripControllerTests.JoinTrip_ShouldReturnNotFound_IfTripDoesNotExist" storage="c:\users\qloro\onedrive\pulpit\mateusz\simpleapibackend\simpleapibackend.tests\bin\debug\net8.0\simpleapibackend.tests.dll" id="be50e41d-c25c-7c93-a49f-77ea63c02303">
      <Execution id="42e052e0-25f9-4d6c-8737-d8502dad3c13" />
      <TestMethod codeBase="C:\Users\qloro\OneDrive\Pulpit\Mateusz\SimpleApiBackend\SimpleApiBackend.Tests\bin\Debug\net8.0\SimpleApiBackend.Tests.dll" adapterTypeName="executor://xunit/VsTestRunner3/netcore/" className="SimpleApiBackend.Tests.TripControllerTests" name="JoinTrip_ShouldReturnNotFound_IfTripDoesNotExist" />
    </UnitTest>
    <UnitTest name="AccountLoginTests.Login_ReturnsUnauthorized_WhenEmailNotConfirmed" storage="c:\users\qloro\onedrive\pulpit\mateusz\simpleapibackend\simpleapibackend.tests\bin\debug\net8.0\simpleapibackend.tests.dll" id="2e40dcd2-b9cc-0c26-184b-1cd7b9cf101d">
      <Execution id="59f295e4-35af-4cc5-9404-c12c61de8106" />
      <TestMethod codeBase="C:\Users\qloro\OneDrive\Pulpit\Mateusz\SimpleApiBackend\SimpleApiBackend.Tests\bin\Debug\net8.0\SimpleApiBackend.Tests.dll" adapterTypeName="executor://xunit/VsTestRunner3/netcore/" className="AccountLoginTests" name="Login_ReturnsUnauthorized_WhenEmailNotConfirmed" />
    </UnitTest>
    <UnitTest name="SimpleApiBackend.Tests.ExpensesControllerAdditionalTests.DeleteExpense_ShouldReturnNotFound_IfExpenseDoesNotExist" storage="c:\users\qloro\onedrive\pulpit\mateusz\simpleapibackend\simpleapibackend.tests\bin\debug\net8.0\simpleapibackend.tests.dll" id="150f06ed-feff-59bf-683d-99db2b017ad1">
      <Execution id="57befa09-8eb7-4212-997d-48a43c0285ea" />
      <TestMethod codeBase="C:\Users\qloro\OneDrive\Pulpit\Mateusz\SimpleApiBackend\SimpleApiBackend.Tests\bin\Debug\net8.0\SimpleApiBackend.Tests.dll" adapterTypeName="executor://xunit/VsTestRunner3/netcore/" className="SimpleApiBackend.Tests.ExpensesControllerAdditionalTests" name="DeleteExpense_ShouldReturnNotFound_IfExpenseDoesNotExist" />
    </UnitTest>
    <UnitTest name="SimpleApiBackend.Tests.TripControllerTests.GetUserTrips_ShouldReturnEmpty_IfNoTrips" storage="c:\users\qloro\onedrive\pulpit\mateusz\simpleapibackend\simpleapibackend.tests\bin\debug\net8.0\simpleapibackend.tests.dll" id="2e7555fb-f1a4-2fcd-4aef-db42f74cb74a">
      <Execution id="fc3e40c6-7ae4-462f-9007-47dd478a4863" />
      <TestMethod codeBase="C:\Users\qloro\OneDrive\Pulpit\Mateusz\SimpleApiBackend\SimpleApiBackend.Tests\bin\Debug\net8.0\SimpleApiBackend.Tests.dll" adapterTypeName="executor://xunit/VsTestRunner3/netcore/" className="SimpleApiBackend.Tests.TripControllerTests" name="GetUserTrips_ShouldReturnEmpty_IfNoTrips" />
    </UnitTest>
    <UnitTest name="SimpleApiBackend.Tests.InvitationsControllerTests.SendInvitation_ShouldReturnUnauthorized_IfUserNotLoggedIn" storage="c:\users\qloro\onedrive\pulpit\mateusz\simpleapibackend\simpleapibackend.tests\bin\debug\net8.0\simpleapibackend.tests.dll" id="78eb7348-6d8c-91e8-c7d2-4c48f9828fe6">
      <Execution id="2eb0c1f0-31c5-4781-bd08-ec2370ffbe05" />
      <TestMethod codeBase="C:\Users\qloro\OneDrive\Pulpit\Mateusz\SimpleApiBackend\SimpleApiBackend.Tests\bin\Debug\net8.0\SimpleApiBackend.Tests.dll" adapterTypeName="executor://xunit/VsTestRunner3/netcore/" className="SimpleApiBackend.Tests.InvitationsControllerTests" name="SendInvitation_ShouldReturnUnauthorized_IfUserNotLoggedIn" />
    </UnitTest>
    <UnitTest name="SimpleApiBackend.Tests.AdminControllerTests.DeleteUser_UserExists_DeletesUser" storage="c:\users\qloro\onedrive\pulpit\mateusz\simpleapibackend\simpleapibackend.tests\bin\debug\net8.0\simpleapibackend.tests.dll" id="8ef922c8-ae03-9b49-43f6-432380d6e67a">
      <Execution id="1f7c766c-37ea-4677-847a-06147539a885" />
      <TestMethod codeBase="C:\Users\qloro\OneDrive\Pulpit\Mateusz\SimpleApiBackend\SimpleApiBackend.Tests\bin\Debug\net8.0\SimpleApiBackend.Tests.dll" adapterTypeName="executor://xunit/VsTestRunner3/netcore/" className="SimpleApiBackend.Tests.AdminControllerTests" name="DeleteUser_UserExists_DeletesUser" />
    </UnitTest>
    <UnitTest name="SimpleApiBackend.Tests.ExpensesControllerAdditionalTests.GetDebtsSummaryByUser_ShouldReturnEmptyList_IfUserHasNoDebts" storage="c:\users\qloro\onedrive\pulpit\mateusz\simpleapibackend\simpleapibackend.tests\bin\debug\net8.0\simpleapibackend.tests.dll" id="4ce03b1f-d5c2-8c5c-5445-46717d572638">
      <Execution id="2a4eb350-b9c1-4882-bbec-9dc47c7353d4" />
      <TestMethod codeBase="C:\Users\qloro\OneDrive\Pulpit\Mateusz\SimpleApiBackend\SimpleApiBackend.Tests\bin\Debug\net8.0\SimpleApiBackend.Tests.dll" adapterTypeName="executor://xunit/VsTestRunner3/netcore/" className="SimpleApiBackend.Tests.ExpensesControllerAdditionalTests" name="GetDebtsSummaryByUser_ShouldReturnEmptyList_IfUserHasNoDebts" />
    </UnitTest>
    <UnitTest name="SimpleApiBackend.Tests.InvitationsControllerTests.GetReceivedInvitations_ShouldReturnUnauthorized_IfUserNotLoggedIn" storage="c:\users\qloro\onedrive\pulpit\mateusz\simpleapibackend\simpleapibackend.tests\bin\debug\net8.0\simpleapibackend.tests.dll" id="5ccf1ffc-0b6e-a9d6-b0e4-d7135718c16f">
      <Execution id="35005f96-a6b0-49de-b85c-4ca03928034c" />
      <TestMethod codeBase="C:\Users\qloro\OneDrive\Pulpit\Mateusz\SimpleApiBackend\SimpleApiBackend.Tests\bin\Debug\net8.0\SimpleApiBackend.Tests.dll" adapterTypeName="executor://xunit/VsTestRunner3/netcore/" className="SimpleApiBackend.Tests.InvitationsControllerTests" name="GetReceivedInvitations_ShouldReturnUnauthorized_IfUserNotLoggedIn" />
    </UnitTest>
    <UnitTest name="SimpleApiBackend.Tests.AdminControllerTests.DeleteUser_UserNotFound_ReturnsNotFound" storage="c:\users\qloro\onedrive\pulpit\mateusz\simpleapibackend\simpleapibackend.tests\bin\debug\net8.0\simpleapibackend.tests.dll" id="38c2fe3f-ae51-20b2-25a3-ce7255f86012">
      <Execution id="bd937387-a5b3-41db-a784-264de8e32b93" />
      <TestMethod codeBase="C:\Users\qloro\OneDrive\Pulpit\Mateusz\SimpleApiBackend\SimpleApiBackend.Tests\bin\Debug\net8.0\SimpleApiBackend.Tests.dll" adapterTypeName="executor://xunit/VsTestRunner3/netcore/" className="SimpleApiBackend.Tests.AdminControllerTests" name="DeleteUser_UserNotFound_ReturnsNotFound" />
    </UnitTest>
    <UnitTest name="SimpleApiBackend.Tests.InvitationsControllerTests.RespondToInvitation_ShouldRemoveInvitation_IfRejected" storage="c:\users\qloro\onedrive\pulpit\mateusz\simpleapibackend\simpleapibackend.tests\bin\debug\net8.0\simpleapibackend.tests.dll" id="f8943156-305c-acd8-cc05-fabdac5bf83b">
      <Execution id="7b75a6c3-4c9b-43b3-8b06-ba9818df861a" />
      <TestMethod codeBase="C:\Users\qloro\OneDrive\Pulpit\Mateusz\SimpleApiBackend\SimpleApiBackend.Tests\bin\Debug\net8.0\SimpleApiBackend.Tests.dll" adapterTypeName="executor://xunit/VsTestRunner3/netcore/" className="SimpleApiBackend.Tests.InvitationsControllerTests" name="RespondToInvitation_ShouldRemoveInvitation_IfRejected" />
    </UnitTest>
    <UnitTest name="SimpleApiBackend.Tests.ExpensesControllerTests.CreateExpense_ShouldCreateExpense_IfAllConditionsMet" storage="c:\users\qloro\onedrive\pulpit\mateusz\simpleapibackend\simpleapibackend.tests\bin\debug\net8.0\simpleapibackend.tests.dll" id="e588c76e-6418-19f7-5533-cc68f5e7e344">
      <Execution id="7e76ec81-a176-4a9e-b41e-1df470cfaacf" />
      <TestMethod codeBase="C:\Users\qloro\OneDrive\Pulpit\Mateusz\SimpleApiBackend\SimpleApiBackend.Tests\bin\Debug\net8.0\SimpleApiBackend.Tests.dll" adapterTypeName="executor://xunit/VsTestRunner3/netcore/" className="SimpleApiBackend.Tests.ExpensesControllerTests" name="CreateExpense_ShouldCreateExpense_IfAllConditionsMet" />
    </UnitTest>
    <UnitTest name="SimpleApiBackend.Tests.ExpensesControllerAdditionalTests.DeleteExpense_ShouldReturnBadRequest_IfUserNotCreator" storage="c:\users\qloro\onedrive\pulpit\mateusz\simpleapibackend\simpleapibackend.tests\bin\debug\net8.0\simpleapibackend.tests.dll" id="3e1ff4d9-67f0-9f5c-50df-2c23fe6440bc">
      <Execution id="8cc28b92-ae1c-4815-a495-1af1ab48a545" />
      <TestMethod codeBase="C:\Users\qloro\OneDrive\Pulpit\Mateusz\SimpleApiBackend\SimpleApiBackend.Tests\bin\Debug\net8.0\SimpleApiBackend.Tests.dll" adapterTypeName="executor://xunit/VsTestRunner3/netcore/" className="SimpleApiBackend.Tests.ExpensesControllerAdditionalTests" name="DeleteExpense_ShouldReturnBadRequest_IfUserNotCreator" />
    </UnitTest>
    <UnitTest name="SimpleApiBackend.Tests.AdminControllerTests.GetUserTrips_UserHasTrips_ReturnsTrips" storage="c:\users\qloro\onedrive\pulpit\mateusz\simpleapibackend\simpleapibackend.tests\bin\debug\net8.0\simpleapibackend.tests.dll" id="7676c5e4-08f8-9802-1d4e-e7295b6a6c0e">
      <Execution id="83fe8e30-dd7c-4912-9111-6e0b33c17cc1" />
      <TestMethod codeBase="C:\Users\qloro\OneDrive\Pulpit\Mateusz\SimpleApiBackend\SimpleApiBackend.Tests\bin\Debug\net8.0\SimpleApiBackend.Tests.dll" adapterTypeName="executor://xunit/VsTestRunner3/netcore/" className="SimpleApiBackend.Tests.AdminControllerTests" name="GetUserTrips_UserHasTrips_ReturnsTrips" />
    </UnitTest>
    <UnitTest name="SimpleApiBackend.Tests.AccountRegistrationTests.GenerateEmailConfirmationToken_ShouldContainExpiration" storage="c:\users\qloro\onedrive\pulpit\mateusz\simpleapibackend\simpleapibackend.tests\bin\debug\net8.0\simpleapibackend.tests.dll" id="d86a5222-5ca2-64d8-03a4-2c16df7e18f1">
      <Execution id="90e97498-ad1e-44ba-b1ae-c11d3590a114" />
      <TestMethod codeBase="C:\Users\qloro\OneDrive\Pulpit\Mateusz\SimpleApiBackend\SimpleApiBackend.Tests\bin\Debug\net8.0\SimpleApiBackend.Tests.dll" adapterTypeName="executor://xunit/VsTestRunner3/netcore/" className="SimpleApiBackend.Tests.AccountRegistrationTests" name="GenerateEmailConfirmationToken_ShouldContainExpiration" />
    </UnitTest>
    <UnitTest name="SimpleApiBackend.Tests.AccountRegistrationTests.Register_ReturnsBadRequest_WhenPasswordIsWeak" storage="c:\users\qloro\onedrive\pulpit\mateusz\simpleapibackend\simpleapibackend.tests\bin\debug\net8.0\simpleapibackend.tests.dll" id="a4a2d19d-1f84-9ea9-4198-e61e8b7790bd">
      <Execution id="0cbb1007-2b5a-423a-903a-19d44bbc1df3" />
      <TestMethod codeBase="C:\Users\qloro\OneDrive\Pulpit\Mateusz\SimpleApiBackend\SimpleApiBackend.Tests\bin\Debug\net8.0\SimpleApiBackend.Tests.dll" adapterTypeName="executor://xunit/VsTestRunner3/netcore/" className="SimpleApiBackend.Tests.AccountRegistrationTests" name="Register_ReturnsBadRequest_WhenPasswordIsWeak" />
    </UnitTest>
    <UnitTest name="AccountEditProfileTests.EditProfile_ReturnsOk_WhenUsernameIsUpdated" storage="c:\users\qloro\onedrive\pulpit\mateusz\simpleapibackend\simpleapibackend.tests\bin\debug\net8.0\simpleapibackend.tests.dll" id="f9ab78b1-75d0-a52d-96fa-82f59e6320fc">
      <Execution id="c970786d-8aa1-4770-a7dc-4d079edc6854" />
      <TestMethod codeBase="C:\Users\qloro\OneDrive\Pulpit\Mateusz\SimpleApiBackend\SimpleApiBackend.Tests\bin\Debug\net8.0\SimpleApiBackend.Tests.dll" adapterTypeName="executor://xunit/VsTestRunner3/netcore/" className="AccountEditProfileTests" name="EditProfile_ReturnsOk_WhenUsernameIsUpdated" />
    </UnitTest>
    <UnitTest name="SimpleApiBackend.Tests.AdminControllerTests.EditTrip_TripExists_UpdatesTrip" storage="c:\users\qloro\onedrive\pulpit\mateusz\simpleapibackend\simpleapibackend.tests\bin\debug\net8.0\simpleapibackend.tests.dll" id="930c5497-92b6-7a8d-7f8a-d17fef1c7759">
      <Execution id="29725361-f8ec-4e85-994e-f74bebcb7268" />
      <TestMethod codeBase="C:\Users\qloro\OneDrive\Pulpit\Mateusz\SimpleApiBackend\SimpleApiBackend.Tests\bin\Debug\net8.0\SimpleApiBackend.Tests.dll" adapterTypeName="executor://xunit/VsTestRunner3/netcore/" className="SimpleApiBackend.Tests.AdminControllerTests" name="EditTrip_TripExists_UpdatesTrip" />
    </UnitTest>
    <UnitTest name="SimpleApiBackend.Tests.ExpensesControllerTests.CreateExpense_ShouldReturnUnauthorized_IfUserNotLoggedIn" storage="c:\users\qloro\onedrive\pulpit\mateusz\simpleapibackend\simpleapibackend.tests\bin\debug\net8.0\simpleapibackend.tests.dll" id="70fa858e-7511-0b74-facb-60d4750a2536">
      <Execution id="705d4d0c-b92a-47cf-b822-955a032dfb74" />
      <TestMethod codeBase="C:\Users\qloro\OneDrive\Pulpit\Mateusz\SimpleApiBackend\SimpleApiBackend.Tests\bin\Debug\net8.0\SimpleApiBackend.Tests.dll" adapterTypeName="executor://xunit/VsTestRunner3/netcore/" className="SimpleApiBackend.Tests.ExpensesControllerTests" name="CreateExpense_ShouldReturnUnauthorized_IfUserNotLoggedIn" />
    </UnitTest>
    <UnitTest name="AccountLoginTests.Login_ReturnsOk_WhenCredentialsAreValid" storage="c:\users\qloro\onedrive\pulpit\mateusz\simpleapibackend\simpleapibackend.tests\bin\debug\net8.0\simpleapibackend.tests.dll" id="cd9e8949-6789-9c60-049d-e8dbf86042a5">
      <Execution id="71e66344-ac1d-45c0-950c-e288622b12cd" />
      <TestMethod codeBase="C:\Users\qloro\OneDrive\Pulpit\Mateusz\SimpleApiBackend\SimpleApiBackend.Tests\bin\Debug\net8.0\SimpleApiBackend.Tests.dll" adapterTypeName="executor://xunit/VsTestRunner3/netcore/" className="AccountLoginTests" name="Login_ReturnsOk_WhenCredentialsAreValid" />
    </UnitTest>
    <UnitTest name="SimpleApiBackend.Tests.ExpensesControllerTests.CreateExpense_ShouldReturnNotFound_IfTripDoesNotExist" storage="c:\users\qloro\onedrive\pulpit\mateusz\simpleapibackend\simpleapibackend.tests\bin\debug\net8.0\simpleapibackend.tests.dll" id="2b732f87-fc3b-a7ec-5327-35e717ae8a5f">
      <Execution id="4a1ca1b7-648c-4e9a-a529-1f1090c12104" />
      <TestMethod codeBase="C:\Users\qloro\OneDrive\Pulpit\Mateusz\SimpleApiBackend\SimpleApiBackend.Tests\bin\Debug\net8.0\SimpleApiBackend.Tests.dll" adapterTypeName="executor://xunit/VsTestRunner3/netcore/" className="SimpleApiBackend.Tests.ExpensesControllerTests" name="CreateExpense_ShouldReturnNotFound_IfTripDoesNotExist" />
    </UnitTest>
    <UnitTest name="SimpleApiBackend.Tests.AccountOtherTests.CheckUsernameAvailability_ReturnsTrue_WhenUsernameIsAvailable" storage="c:\users\qloro\onedrive\pulpit\mateusz\simpleapibackend\simpleapibackend.tests\bin\debug\net8.0\simpleapibackend.tests.dll" id="c9297129-7244-3a6a-58ba-a4a523184949">
      <Execution id="367ecfd5-2457-40f5-88a5-9356d65a6a33" />
      <TestMethod codeBase="C:\Users\qloro\OneDrive\Pulpit\Mateusz\SimpleApiBackend\SimpleApiBackend.Tests\bin\Debug\net8.0\SimpleApiBackend.Tests.dll" adapterTypeName="executor://xunit/VsTestRunner3/netcore/" className="SimpleApiBackend.Tests.AccountOtherTests" name="CheckUsernameAvailability_ReturnsTrue_WhenUsernameIsAvailable" />
    </UnitTest>
    <UnitTest name="AccountEditProfileTests.EditProfile_ReturnsBadRequest_WhenUsernameIsTaken" storage="c:\users\qloro\onedrive\pulpit\mateusz\simpleapibackend\simpleapibackend.tests\bin\debug\net8.0\simpleapibackend.tests.dll" id="64db5553-a90c-a809-6748-99e144849db7">
      <Execution id="28040748-b9f6-4082-af42-b734157afbfa" />
      <TestMethod codeBase="C:\Users\qloro\OneDrive\Pulpit\Mateusz\SimpleApiBackend\SimpleApiBackend.Tests\bin\Debug\net8.0\SimpleApiBackend.Tests.dll" adapterTypeName="executor://xunit/VsTestRunner3/netcore/" className="AccountEditProfileTests" name="EditProfile_ReturnsBadRequest_WhenUsernameIsTaken" />
    </UnitTest>
    <UnitTest name="SimpleApiBackend.Tests.TripControllerTests.LeaveTrip_ShouldReturnNotFound_IfNotMember" storage="c:\users\qloro\onedrive\pulpit\mateusz\simpleapibackend\simpleapibackend.tests\bin\debug\net8.0\simpleapibackend.tests.dll" id="f2f95cab-1a60-f4c8-f7e1-0e846b7744a8">
      <Execution id="735f9ee4-8947-44f4-9c83-c23ec151dbc4" />
      <TestMethod codeBase="C:\Users\qloro\OneDrive\Pulpit\Mateusz\SimpleApiBackend\SimpleApiBackend.Tests\bin\Debug\net8.0\SimpleApiBackend.Tests.dll" adapterTypeName="executor://xunit/VsTestRunner3/netcore/" className="SimpleApiBackend.Tests.TripControllerTests" name="LeaveTrip_ShouldReturnNotFound_IfNotMember" />
    </UnitTest>
    <UnitTest name="SimpleApiBackend.Tests.AdminControllerTests.UpdateUserRole_UserNotFound_ReturnsNotFound" storage="c:\users\qloro\onedrive\pulpit\mateusz\simpleapibackend\simpleapibackend.tests\bin\debug\net8.0\simpleapibackend.tests.dll" id="ca8eb107-640f-49c6-740d-b1404d984eed">
      <Execution id="7dbea3ff-8d1c-4d55-96b9-739acc714604" />
      <TestMethod codeBase="C:\Users\qloro\OneDrive\Pulpit\Mateusz\SimpleApiBackend\SimpleApiBackend.Tests\bin\Debug\net8.0\SimpleApiBackend.Tests.dll" adapterTypeName="executor://xunit/VsTestRunner3/netcore/" className="SimpleApiBackend.Tests.AdminControllerTests" name="UpdateUserRole_UserNotFound_ReturnsNotFound" />
    </UnitTest>
    <UnitTest name="SimpleApiBackend.Tests.AccountRegistrationTests.Register_ReturnsOk_WhenDataIsValid" storage="c:\users\qloro\onedrive\pulpit\mateusz\simpleapibackend\simpleapibackend.tests\bin\debug\net8.0\simpleapibackend.tests.dll" id="cd62d403-4379-2117-9bad-085d30d17073">
      <Execution id="8ef6472b-7e52-49f2-96c2-ff8643521757" />
      <TestMethod codeBase="C:\Users\qloro\OneDrive\Pulpit\Mateusz\SimpleApiBackend\SimpleApiBackend.Tests\bin\Debug\net8.0\SimpleApiBackend.Tests.dll" adapterTypeName="executor://xunit/VsTestRunner3/netcore/" className="SimpleApiBackend.Tests.AccountRegistrationTests" name="Register_ReturnsOk_WhenDataIsValid" />
    </UnitTest>
    <UnitTest name="SimpleApiBackend.Tests.AccountControllerTests.ResetPassword_ShouldResetPassword_IfTokenValid" storage="c:\users\qloro\onedrive\pulpit\mateusz\simpleapibackend\simpleapibackend.tests\bin\debug\net8.0\simpleapibackend.tests.dll" id="74032b34-3d52-1780-6510-bed9622924b2">
      <Execution id="d803023f-b85f-46c6-ad3c-e4d8db8ae3a8" />
      <TestMethod codeBase="C:\Users\qloro\OneDrive\Pulpit\Mateusz\SimpleApiBackend\SimpleApiBackend.Tests\bin\Debug\net8.0\SimpleApiBackend.Tests.dll" adapterTypeName="executor://xunit/VsTestRunner3/netcore/" className="SimpleApiBackend.Tests.AccountControllerTests" name="ResetPassword_ShouldResetPassword_IfTokenValid" />
    </UnitTest>
    <UnitTest name="SimpleApiBackend.Tests.ExpensesControllerTests.CreateExpense_ShouldReturnBadRequest_IfUserNotPartOfTrip" storage="c:\users\qloro\onedrive\pulpit\mateusz\simpleapibackend\simpleapibackend.tests\bin\debug\net8.0\simpleapibackend.tests.dll" id="0a0ddea5-f446-ed25-594f-53df3c131830">
      <Execution id="72f4bef3-4d3f-4392-a052-f8605f6db417" />
      <TestMethod codeBase="C:\Users\qloro\OneDrive\Pulpit\Mateusz\SimpleApiBackend\SimpleApiBackend.Tests\bin\Debug\net8.0\SimpleApiBackend.Tests.dll" adapterTypeName="executor://xunit/VsTestRunner3/netcore/" className="SimpleApiBackend.Tests.ExpensesControllerTests" name="CreateExpense_ShouldReturnBadRequest_IfUserNotPartOfTrip" />
    </UnitTest>
    <UnitTest name="SimpleApiBackend.Tests.TripControllerTests.LeaveTrip_ShouldReturnOk_IfMember" storage="c:\users\qloro\onedrive\pulpit\mateusz\simpleapibackend\simpleapibackend.tests\bin\debug\net8.0\simpleapibackend.tests.dll" id="1945700e-ca21-ac23-c572-a151ca6d41c2">
      <Execution id="43d33e8f-263d-4b8c-b94f-008362ebe20a" />
      <TestMethod codeBase="C:\Users\qloro\OneDrive\Pulpit\Mateusz\SimpleApiBackend\SimpleApiBackend.Tests\bin\Debug\net8.0\SimpleApiBackend.Tests.dll" adapterTypeName="executor://xunit/VsTestRunner3/netcore/" className="SimpleApiBackend.Tests.TripControllerTests" name="LeaveTrip_ShouldReturnOk_IfMember" />
    </UnitTest>
    <UnitTest name="SimpleApiBackend.Tests.TripControllerTests.CreateTrip_ShouldReturnOk_IfValid" storage="c:\users\qloro\onedrive\pulpit\mateusz\simpleapibackend\simpleapibackend.tests\bin\debug\net8.0\simpleapibackend.tests.dll" id="77f0ae43-6d43-5a92-f587-aa5a1a2f59da">
      <Execution id="73044fcb-fcb6-47af-afc8-e4d85ce30e29" />
      <TestMethod codeBase="C:\Users\qloro\OneDrive\Pulpit\Mateusz\SimpleApiBackend\SimpleApiBackend.Tests\bin\Debug\net8.0\SimpleApiBackend.Tests.dll" adapterTypeName="executor://xunit/VsTestRunner3/netcore/" className="SimpleApiBackend.Tests.TripControllerTests" name="CreateTrip_ShouldReturnOk_IfValid" />
    </UnitTest>
    <UnitTest name="SimpleApiBackend.Tests.AdminControllerTests.GetUsers_ReturnsListOfUsers" storage="c:\users\qloro\onedrive\pulpit\mateusz\simpleapibackend\simpleapibackend.tests\bin\debug\net8.0\simpleapibackend.tests.dll" id="a1d70f64-e5fd-7716-c15a-8cb521ec21aa">
      <Execution id="c6f2411c-aa90-4983-9477-c02a4d569497" />
      <TestMethod codeBase="C:\Users\qloro\OneDrive\Pulpit\Mateusz\SimpleApiBackend\SimpleApiBackend.Tests\bin\Debug\net8.0\SimpleApiBackend.Tests.dll" adapterTypeName="executor://xunit/VsTestRunner3/netcore/" className="SimpleApiBackend.Tests.AdminControllerTests" name="GetUsers_ReturnsListOfUsers" />
    </UnitTest>
    <UnitTest name="AccountLoginTests.Login_ReturnsUnauthorized_WhenCredentialsAreInvalid" storage="c:\users\qloro\onedrive\pulpit\mateusz\simpleapibackend\simpleapibackend.tests\bin\debug\net8.0\simpleapibackend.tests.dll" id="3661d179-064e-58b8-d0bb-96e879fbbc8d">
      <Execution id="b4c39295-a13b-4ab1-962f-18f27b3526dd" />
      <TestMethod codeBase="C:\Users\qloro\OneDrive\Pulpit\Mateusz\SimpleApiBackend\SimpleApiBackend.Tests\bin\Debug\net8.0\SimpleApiBackend.Tests.dll" adapterTypeName="executor://xunit/VsTestRunner3/netcore/" className="AccountLoginTests" name="Login_ReturnsUnauthorized_WhenCredentialsAreInvalid" />
    </UnitTest>
    <UnitTest name="SimpleApiBackend.Tests.ExpensesControllerTests.CreateExpense_ShouldReturnBadRequest_IfDtoIsNull" storage="c:\users\qloro\onedrive\pulpit\mateusz\simpleapibackend\simpleapibackend.tests\bin\debug\net8.0\simpleapibackend.tests.dll" id="10d50671-4a32-6f56-cb4f-1798cbe3f359">
      <Execution id="f269afb4-36cd-4ee4-b556-9be2ac9d4006" />
      <TestMethod codeBase="C:\Users\qloro\OneDrive\Pulpit\Mateusz\SimpleApiBackend\SimpleApiBackend.Tests\bin\Debug\net8.0\SimpleApiBackend.Tests.dll" adapterTypeName="executor://xunit/VsTestRunner3/netcore/" className="SimpleApiBackend.Tests.ExpensesControllerTests" name="CreateExpense_ShouldReturnBadRequest_IfDtoIsNull" />
    </UnitTest>
    <UnitTest name="SimpleApiBackend.Tests.AccountOtherTests.CheckUsernameAvailability_ReturnsFalse_WhenUsernameIsNotAvailable" storage="c:\users\qloro\onedrive\pulpit\mateusz\simpleapibackend\simpleapibackend.tests\bin\debug\net8.0\simpleapibackend.tests.dll" id="e83854f6-39c8-4c38-d0ef-138bf5714ca2">
      <Execution id="f2e6e260-1082-42c8-9647-0a05b98c49af" />
      <TestMethod codeBase="C:\Users\qloro\OneDrive\Pulpit\Mateusz\SimpleApiBackend\SimpleApiBackend.Tests\bin\Debug\net8.0\SimpleApiBackend.Tests.dll" adapterTypeName="executor://xunit/VsTestRunner3/netcore/" className="SimpleApiBackend.Tests.AccountOtherTests" name="CheckUsernameAvailability_ReturnsFalse_WhenUsernameIsNotAvailable" />
    </UnitTest>
    <UnitTest name="SimpleApiBackend.Tests.AccountRegistrationTests.GenerateEmailConfirmationToken_ReturnsValidToken" storage="c:\users\qloro\onedrive\pulpit\mateusz\simpleapibackend\simpleapibackend.tests\bin\debug\net8.0\simpleapibackend.tests.dll" id="c8861108-4a19-7823-e3bd-3fb2e3e5782a">
      <Execution id="ec9b6a84-9230-4792-b161-93c84bb0939d" />
      <TestMethod codeBase="C:\Users\qloro\OneDrive\Pulpit\Mateusz\SimpleApiBackend\SimpleApiBackend.Tests\bin\Debug\net8.0\SimpleApiBackend.Tests.dll" adapterTypeName="executor://xunit/VsTestRunner3/netcore/" className="SimpleApiBackend.Tests.AccountRegistrationTests" name="GenerateEmailConfirmationToken_ReturnsValidToken" />
    </UnitTest>
    <UnitTest name="SimpleApiBackend.Tests.InvitationsControllerTests.RespondToInvitation_ShouldUpdateStatus_IfValid" storage="c:\users\qloro\onedrive\pulpit\mateusz\simpleapibackend\simpleapibackend.tests\bin\debug\net8.0\simpleapibackend.tests.dll" id="fcd05416-9975-9888-9ac1-47e6dac92653">
      <Execution id="4a07d368-efb7-4612-9dc8-2b25d40b8c57" />
      <TestMethod codeBase="C:\Users\qloro\OneDrive\Pulpit\Mateusz\SimpleApiBackend\SimpleApiBackend.Tests\bin\Debug\net8.0\SimpleApiBackend.Tests.dll" adapterTypeName="executor://xunit/VsTestRunner3/netcore/" className="SimpleApiBackend.Tests.InvitationsControllerTests" name="RespondToInvitation_ShouldUpdateStatus_IfValid" />
    </UnitTest>
    <UnitTest name="SimpleApiBackend.Tests.InvitationsControllerTests.SendInvitation_ShouldCreateInvitation_IfValid" storage="c:\users\qloro\onedrive\pulpit\mateusz\simpleapibackend\simpleapibackend.tests\bin\debug\net8.0\simpleapibackend.tests.dll" id="b50eef59-bc5b-05cc-75a9-ab459589de99">
      <Execution id="3b829f96-f953-40ba-b013-03d8e6dc58bd" />
      <TestMethod codeBase="C:\Users\qloro\OneDrive\Pulpit\Mateusz\SimpleApiBackend\SimpleApiBackend.Tests\bin\Debug\net8.0\SimpleApiBackend.Tests.dll" adapterTypeName="executor://xunit/VsTestRunner3/netcore/" className="SimpleApiBackend.Tests.InvitationsControllerTests" name="SendInvitation_ShouldCreateInvitation_IfValid" />
    </UnitTest>
    <UnitTest name="SimpleApiBackend.Tests.AccountRegistrationTests.Register_ReturnsBadRequest_WhenRequiredFieldsAreMissing" storage="c:\users\qloro\onedrive\pulpit\mateusz\simpleapibackend\simpleapibackend.tests\bin\debug\net8.0\simpleapibackend.tests.dll" id="cbae7519-337c-f4d9-70d2-83998e52a20f">
      <Execution id="459df87f-db6e-4558-a0dc-ffb32b110de7" />
      <TestMethod codeBase="C:\Users\qloro\OneDrive\Pulpit\Mateusz\SimpleApiBackend\SimpleApiBackend.Tests\bin\Debug\net8.0\SimpleApiBackend.Tests.dll" adapterTypeName="executor://xunit/VsTestRunner3/netcore/" className="SimpleApiBackend.Tests.AccountRegistrationTests" name="Register_ReturnsBadRequest_WhenRequiredFieldsAreMissing" />
    </UnitTest>
    <UnitTest name="SimpleApiBackend.Tests.AccountRegistrationTests.Register_ReturnsBadRequest_WhenPasswordsDoNotMatch" storage="c:\users\qloro\onedrive\pulpit\mateusz\simpleapibackend\simpleapibackend.tests\bin\debug\net8.0\simpleapibackend.tests.dll" id="00f7d0f4-c722-7114-1dda-d11aa4a32a09">
      <Execution id="44a49960-fb68-4bc8-bdac-bc4c97f93711" />
      <TestMethod codeBase="C:\Users\qloro\OneDrive\Pulpit\Mateusz\SimpleApiBackend\SimpleApiBackend.Tests\bin\Debug\net8.0\SimpleApiBackend.Tests.dll" adapterTypeName="executor://xunit/VsTestRunner3/netcore/" className="SimpleApiBackend.Tests.AccountRegistrationTests" name="Register_ReturnsBadRequest_WhenPasswordsDoNotMatch" />
    </UnitTest>
    <UnitTest name="SimpleApiBackend.Tests.InvitationsControllerTests.RespondToInvitation_ShouldReturnNotFound_IfInvitationDoesNotExist" storage="c:\users\qloro\onedrive\pulpit\mateusz\simpleapibackend\simpleapibackend.tests\bin\debug\net8.0\simpleapibackend.tests.dll" id="b5f893f4-42e9-0c18-5abb-b9bc0bd4691e">
      <Execution id="a33d1cb1-cbe0-4567-9bc1-0e34d9c7dade" />
      <TestMethod codeBase="C:\Users\qloro\OneDrive\Pulpit\Mateusz\SimpleApiBackend\SimpleApiBackend.Tests\bin\Debug\net8.0\SimpleApiBackend.Tests.dll" adapterTypeName="executor://xunit/VsTestRunner3/netcore/" className="SimpleApiBackend.Tests.InvitationsControllerTests" name="RespondToInvitation_ShouldReturnNotFound_IfInvitationDoesNotExist" />
    </UnitTest>
    <UnitTest name="SimpleApiBackend.Tests.InvitationsControllerTests.GetReceivedInvitations_ShouldReturnList_IfUserHasInvitations" storage="c:\users\qloro\onedrive\pulpit\mateusz\simpleapibackend\simpleapibackend.tests\bin\debug\net8.0\simpleapibackend.tests.dll" id="6de2e990-9c0e-36a5-0698-1e4a00a8eedf">
      <Execution id="c4e62224-83d3-453a-b489-c0f1d50ffa78" />
      <TestMethod codeBase="C:\Users\qloro\OneDrive\Pulpit\Mateusz\SimpleApiBackend\SimpleApiBackend.Tests\bin\Debug\net8.0\SimpleApiBackend.Tests.dll" adapterTypeName="executor://xunit/VsTestRunner3/netcore/" className="SimpleApiBackend.Tests.InvitationsControllerTests" name="GetReceivedInvitations_ShouldReturnList_IfUserHasInvitations" />
    </UnitTest>
    <UnitTest name="SimpleApiBackend.Tests.InvitationsControllerTests.CheckExistingInvitation_ShouldReturnTrue_IfUserIsAlreadyMember" storage="c:\users\qloro\onedrive\pulpit\mateusz\simpleapibackend\simpleapibackend.tests\bin\debug\net8.0\simpleapibackend.tests.dll" id="490dab82-cefc-f088-50f6-a5bd75d02727">
      <Execution id="db1660be-23c1-4d91-b95d-97d0b1abe291" />
      <TestMethod codeBase="C:\Users\qloro\OneDrive\Pulpit\Mateusz\SimpleApiBackend\SimpleApiBackend.Tests\bin\Debug\net8.0\SimpleApiBackend.Tests.dll" adapterTypeName="executor://xunit/VsTestRunner3/netcore/" className="SimpleApiBackend.Tests.InvitationsControllerTests" name="CheckExistingInvitation_ShouldReturnTrue_IfUserIsAlreadyMember" />
    </UnitTest>
    <UnitTest name="SimpleApiBackend.Tests.ExpensesControllerAdditionalTests.CreateExpense_ShouldReturnBadRequest_IfDateOutOfRange" storage="c:\users\qloro\onedrive\pulpit\mateusz\simpleapibackend\simpleapibackend.tests\bin\debug\net8.0\simpleapibackend.tests.dll" id="2f1b8f38-938c-3cee-b009-9f366a8bd833">
      <Execution id="067315d4-1503-4269-952c-71af58800a05" />
      <TestMethod codeBase="C:\Users\qloro\OneDrive\Pulpit\Mateusz\SimpleApiBackend\SimpleApiBackend.Tests\bin\Debug\net8.0\SimpleApiBackend.Tests.dll" adapterTypeName="executor://xunit/VsTestRunner3/netcore/" className="SimpleApiBackend.Tests.ExpensesControllerAdditionalTests" name="CreateExpense_ShouldReturnBadRequest_IfDateOutOfRange" />
    </UnitTest>
    <UnitTest name="SimpleApiBackend.Tests.AdminControllerTests.UpdateUserRole_UserExists_UpdatesRole" storage="c:\users\qloro\onedrive\pulpit\mateusz\simpleapibackend\simpleapibackend.tests\bin\debug\net8.0\simpleapibackend.tests.dll" id="1d48957a-2813-703e-3a31-5ffe676d96b5">
      <Execution id="a2e3a935-bc2d-4d89-9167-f3515adaafcc" />
      <TestMethod codeBase="C:\Users\qloro\OneDrive\Pulpit\Mateusz\SimpleApiBackend\SimpleApiBackend.Tests\bin\Debug\net8.0\SimpleApiBackend.Tests.dll" adapterTypeName="executor://xunit/VsTestRunner3/netcore/" className="SimpleApiBackend.Tests.AdminControllerTests" name="UpdateUserRole_UserExists_UpdatesRole" />
    </UnitTest>
    <UnitTest name="SimpleApiBackend.Tests.AccountControllerTests.ResetPassword_ShouldReturnBadRequest_IfTokenInvalid" storage="c:\users\qloro\onedrive\pulpit\mateusz\simpleapibackend\simpleapibackend.tests\bin\debug\net8.0\simpleapibackend.tests.dll" id="afbea80b-52e5-b103-d373-30e4dd043544">
      <Execution id="f24902d7-ea10-4dab-8190-dda105bf5f1b" />
      <TestMethod codeBase="C:\Users\qloro\OneDrive\Pulpit\Mateusz\SimpleApiBackend\SimpleApiBackend.Tests\bin\Debug\net8.0\SimpleApiBackend.Tests.dll" adapterTypeName="executor://xunit/VsTestRunner3/netcore/" className="SimpleApiBackend.Tests.AccountControllerTests" name="ResetPassword_ShouldReturnBadRequest_IfTokenInvalid" />
    </UnitTest>
    <UnitTest name="SimpleApiBackend.Tests.InvitationsControllerTests.SendInvitation_ShouldReturnBadRequest_IfReceiverNotFound" storage="c:\users\qloro\onedrive\pulpit\mateusz\simpleapibackend\simpleapibackend.tests\bin\debug\net8.0\simpleapibackend.tests.dll" id="8f8d37ea-476f-be9b-05a6-ed606b178144">
      <Execution id="9c81dad1-7b73-4bab-b1ce-8bd53fb061bf" />
      <TestMethod codeBase="C:\Users\qloro\OneDrive\Pulpit\Mateusz\SimpleApiBackend\SimpleApiBackend.Tests\bin\Debug\net8.0\SimpleApiBackend.Tests.dll" adapterTypeName="executor://xunit/VsTestRunner3/netcore/" className="SimpleApiBackend.Tests.InvitationsControllerTests" name="SendInvitation_ShouldReturnBadRequest_IfReceiverNotFound" />
    </UnitTest>
    <UnitTest name="SimpleApiBackend.Tests.InvitationsControllerTests.GetPendingInvitationsCount_ShouldReturnCorrectCount" storage="c:\users\qloro\onedrive\pulpit\mateusz\simpleapibackend\simpleapibackend.tests\bin\debug\net8.0\simpleapibackend.tests.dll" id="07137764-ca5c-e2d6-4a8d-75c4232cb280">
      <Execution id="3301703b-55c1-469c-8225-8f80d68c6bcc" />
      <TestMethod codeBase="C:\Users\qloro\OneDrive\Pulpit\Mateusz\SimpleApiBackend\SimpleApiBackend.Tests\bin\Debug\net8.0\SimpleApiBackend.Tests.dll" adapterTypeName="executor://xunit/VsTestRunner3/netcore/" className="SimpleApiBackend.Tests.InvitationsControllerTests" name="GetPendingInvitationsCount_ShouldReturnCorrectCount" />
    </UnitTest>
    <UnitTest name="SimpleApiBackend.Tests.TripControllerTests.GetTripDetails_ShouldReturnNotFound_IfTripDoesNotExist" storage="c:\users\qloro\onedrive\pulpit\mateusz\simpleapibackend\simpleapibackend.tests\bin\debug\net8.0\simpleapibackend.tests.dll" id="81d733ea-4eaa-2053-1449-6e66a61ab976">
      <Execution id="8b1cce5f-28a5-4431-8066-1d0d94aa4c39" />
      <TestMethod codeBase="C:\Users\qloro\OneDrive\Pulpit\Mateusz\SimpleApiBackend\SimpleApiBackend.Tests\bin\Debug\net8.0\SimpleApiBackend.Tests.dll" adapterTypeName="executor://xunit/VsTestRunner3/netcore/" className="SimpleApiBackend.Tests.TripControllerTests" name="GetTripDetails_ShouldReturnNotFound_IfTripDoesNotExist" />
    </UnitTest>
    <UnitTest name="SimpleApiBackend.Tests.ExpensesControllerAdditionalTests.UpdateDebtStatus_ShouldReturnNotFound_IfDebtDoesNotExist" storage="c:\users\qloro\onedrive\pulpit\mateusz\simpleapibackend\simpleapibackend.tests\bin\debug\net8.0\simpleapibackend.tests.dll" id="0fa4405c-8acb-56eb-4a28-91bdac6657e6">
      <Execution id="c5c2e9e5-dc0e-4ff8-bac9-90fe009129a1" />
      <TestMethod codeBase="C:\Users\qloro\OneDrive\Pulpit\Mateusz\SimpleApiBackend\SimpleApiBackend.Tests\bin\Debug\net8.0\SimpleApiBackend.Tests.dll" adapterTypeName="executor://xunit/VsTestRunner3/netcore/" className="SimpleApiBackend.Tests.ExpensesControllerAdditionalTests" name="UpdateDebtStatus_ShouldReturnNotFound_IfDebtDoesNotExist" />
    </UnitTest>
    <UnitTest name="SimpleApiBackend.Tests.ExpensesControllerTests.UpdateDebtStatus_ShouldUpdateStatus_IfDebtExists" storage="c:\users\qloro\onedrive\pulpit\mateusz\simpleapibackend\simpleapibackend.tests\bin\debug\net8.0\simpleapibackend.tests.dll" id="a6e98ec9-c23a-6b0d-cc46-c0af1b017531">
      <Execution id="9ff811ca-ee02-4634-ae0f-73a4bd0d321b" />
      <TestMethod codeBase="C:\Users\qloro\OneDrive\Pulpit\Mateusz\SimpleApiBackend\SimpleApiBackend.Tests\bin\Debug\net8.0\SimpleApiBackend.Tests.dll" adapterTypeName="executor://xunit/VsTestRunner3/netcore/" className="SimpleApiBackend.Tests.ExpensesControllerTests" name="UpdateDebtStatus_ShouldUpdateStatus_IfDebtExists" />
    </UnitTest>
  </TestDefinitions>
  <TestEntries>
    <TestEntry testId="e83854f6-39c8-4c38-d0ef-138bf5714ca2" executionId="f2e6e260-1082-42c8-9647-0a05b98c49af" testListId="8c84fa94-04c1-424b-9868-57a2d4851a1d" />
    <TestEntry testId="be50e41d-c25c-7c93-a49f-77ea63c02303" executionId="42e052e0-25f9-4d6c-8737-d8502dad3c13" testListId="8c84fa94-04c1-424b-9868-57a2d4851a1d" />
    <TestEntry testId="c8861108-4a19-7823-e3bd-3fb2e3e5782a" executionId="ec9b6a84-9230-4792-b161-93c84bb0939d" testListId="8c84fa94-04c1-424b-9868-57a2d4851a1d" />
    <TestEntry testId="00f7d0f4-c722-7114-1dda-d11aa4a32a09" executionId="44a49960-fb68-4bc8-bdac-bc4c97f93711" testListId="8c84fa94-04c1-424b-9868-57a2d4851a1d" />
    <TestEntry testId="70fa858e-7511-0b74-facb-60d4750a2536" executionId="705d4d0c-b92a-47cf-b822-955a032dfb74" testListId="8c84fa94-04c1-424b-9868-57a2d4851a1d" />
    <TestEntry testId="d86a5222-5ca2-64d8-03a4-2c16df7e18f1" executionId="90e97498-ad1e-44ba-b1ae-c11d3590a114" testListId="8c84fa94-04c1-424b-9868-57a2d4851a1d" />
    <TestEntry testId="4ce03b1f-d5c2-8c5c-5445-46717d572638" executionId="2a4eb350-b9c1-4882-bbec-9dc47c7353d4" testListId="8c84fa94-04c1-424b-9868-57a2d4851a1d" />
    <TestEntry testId="b5f893f4-42e9-0c18-5abb-b9bc0bd4691e" executionId="a33d1cb1-cbe0-4567-9bc1-0e34d9c7dade" testListId="8c84fa94-04c1-424b-9868-57a2d4851a1d" />
    <TestEntry testId="1945700e-ca21-ac23-c572-a151ca6d41c2" executionId="43d33e8f-263d-4b8c-b94f-008362ebe20a" testListId="8c84fa94-04c1-424b-9868-57a2d4851a1d" />
    <TestEntry testId="07137764-ca5c-e2d6-4a8d-75c4232cb280" executionId="3301703b-55c1-469c-8225-8f80d68c6bcc" testListId="8c84fa94-04c1-424b-9868-57a2d4851a1d" />
    <TestEntry testId="2e7555fb-f1a4-2fcd-4aef-db42f74cb74a" executionId="fc3e40c6-7ae4-462f-9007-47dd478a4863" testListId="8c84fa94-04c1-424b-9868-57a2d4851a1d" />
    <TestEntry testId="f9ab78b1-75d0-a52d-96fa-82f59e6320fc" executionId="c970786d-8aa1-4770-a7dc-4d079edc6854" testListId="8c84fa94-04c1-424b-9868-57a2d4851a1d" />
    <TestEntry testId="3e1ff4d9-67f0-9f5c-50df-2c23fe6440bc" executionId="8cc28b92-ae1c-4815-a495-1af1ab48a545" testListId="8c84fa94-04c1-424b-9868-57a2d4851a1d" />
    <TestEntry testId="ca8eb107-640f-49c6-740d-b1404d984eed" executionId="7dbea3ff-8d1c-4d55-96b9-739acc714604" testListId="8c84fa94-04c1-424b-9868-57a2d4851a1d" />
    <TestEntry testId="1d48957a-2813-703e-3a31-5ffe676d96b5" executionId="a2e3a935-bc2d-4d89-9167-f3515adaafcc" testListId="8c84fa94-04c1-424b-9868-57a2d4851a1d" />
    <TestEntry testId="cd62d403-4379-2117-9bad-085d30d17073" executionId="8ef6472b-7e52-49f2-96c2-ff8643521757" testListId="8c84fa94-04c1-424b-9868-57a2d4851a1d" />
    <TestEntry testId="8ef922c8-ae03-9b49-43f6-432380d6e67a" executionId="1f7c766c-37ea-4677-847a-06147539a885" testListId="8c84fa94-04c1-424b-9868-57a2d4851a1d" />
    <TestEntry testId="0fa4405c-8acb-56eb-4a28-91bdac6657e6" executionId="c5c2e9e5-dc0e-4ff8-bac9-90fe009129a1" testListId="8c84fa94-04c1-424b-9868-57a2d4851a1d" />
    <TestEntry testId="a4a2d19d-1f84-9ea9-4198-e61e8b7790bd" executionId="0cbb1007-2b5a-423a-903a-19d44bbc1df3" testListId="8c84fa94-04c1-424b-9868-57a2d4851a1d" />
    <TestEntry testId="2b732f87-fc3b-a7ec-5327-35e717ae8a5f" executionId="4a1ca1b7-648c-4e9a-a529-1f1090c12104" testListId="8c84fa94-04c1-424b-9868-57a2d4851a1d" />
    <TestEntry testId="a1d70f64-e5fd-7716-c15a-8cb521ec21aa" executionId="c6f2411c-aa90-4983-9477-c02a4d569497" testListId="8c84fa94-04c1-424b-9868-57a2d4851a1d" />
    <TestEntry testId="8f8d37ea-476f-be9b-05a6-ed606b178144" executionId="9c81dad1-7b73-4bab-b1ce-8bd53fb061bf" testListId="8c84fa94-04c1-424b-9868-57a2d4851a1d" />
    <TestEntry testId="2f1b8f38-938c-3cee-b009-9f366a8bd833" executionId="067315d4-1503-4269-952c-71af58800a05" testListId="8c84fa94-04c1-424b-9868-57a2d4851a1d" />
    <TestEntry testId="74032b34-3d52-1780-6510-bed9622924b2" executionId="d803023f-b85f-46c6-ad3c-e4d8db8ae3a8" testListId="8c84fa94-04c1-424b-9868-57a2d4851a1d" />
    <TestEntry testId="fcd05416-9975-9888-9ac1-47e6dac92653" executionId="4a07d368-efb7-4612-9dc8-2b25d40b8c57" testListId="8c84fa94-04c1-424b-9868-57a2d4851a1d" />
    <TestEntry testId="490dab82-cefc-f088-50f6-a5bd75d02727" executionId="db1660be-23c1-4d91-b95d-97d0b1abe291" testListId="8c84fa94-04c1-424b-9868-57a2d4851a1d" />
    <TestEntry testId="10d50671-4a32-6f56-cb4f-1798cbe3f359" executionId="f269afb4-36cd-4ee4-b556-9be2ac9d4006" testListId="8c84fa94-04c1-424b-9868-57a2d4851a1d" />
    <TestEntry testId="c9297129-7244-3a6a-58ba-a4a523184949" executionId="367ecfd5-2457-40f5-88a5-9356d65a6a33" testListId="8c84fa94-04c1-424b-9868-57a2d4851a1d" />
    <TestEntry testId="e588c76e-6418-19f7-5533-cc68f5e7e344" executionId="7e76ec81-a176-4a9e-b41e-1df470cfaacf" testListId="8c84fa94-04c1-424b-9868-57a2d4851a1d" />
    <TestEntry testId="7676c5e4-08f8-9802-1d4e-e7295b6a6c0e" executionId="83fe8e30-dd7c-4912-9111-6e0b33c17cc1" testListId="8c84fa94-04c1-424b-9868-57a2d4851a1d" />
    <TestEntry testId="81d733ea-4eaa-2053-1449-6e66a61ab976" executionId="8b1cce5f-28a5-4431-8066-1d0d94aa4c39" testListId="8c84fa94-04c1-424b-9868-57a2d4851a1d" />
    <TestEntry testId="cbae7519-337c-f4d9-70d2-83998e52a20f" executionId="459df87f-db6e-4558-a0dc-ffb32b110de7" testListId="8c84fa94-04c1-424b-9868-57a2d4851a1d" />
    <TestEntry testId="b50eef59-bc5b-05cc-75a9-ab459589de99" executionId="3b829f96-f953-40ba-b013-03d8e6dc58bd" testListId="8c84fa94-04c1-424b-9868-57a2d4851a1d" />
    <TestEntry testId="930c5497-92b6-7a8d-7f8a-d17fef1c7759" executionId="29725361-f8ec-4e85-994e-f74bebcb7268" testListId="8c84fa94-04c1-424b-9868-57a2d4851a1d" />
    <TestEntry testId="a6e98ec9-c23a-6b0d-cc46-c0af1b017531" executionId="9ff811ca-ee02-4634-ae0f-73a4bd0d321b" testListId="8c84fa94-04c1-424b-9868-57a2d4851a1d" />
    <TestEntry testId="78eb7348-6d8c-91e8-c7d2-4c48f9828fe6" executionId="2eb0c1f0-31c5-4781-bd08-ec2370ffbe05" testListId="8c84fa94-04c1-424b-9868-57a2d4851a1d" />
    <TestEntry testId="77f0ae43-6d43-5a92-f587-aa5a1a2f59da" executionId="73044fcb-fcb6-47af-afc8-e4d85ce30e29" testListId="8c84fa94-04c1-424b-9868-57a2d4851a1d" />
    <TestEntry testId="0a0ddea5-f446-ed25-594f-53df3c131830" executionId="72f4bef3-4d3f-4392-a052-f8605f6db417" testListId="8c84fa94-04c1-424b-9868-57a2d4851a1d" />
    <TestEntry testId="2e40dcd2-b9cc-0c26-184b-1cd7b9cf101d" executionId="59f295e4-35af-4cc5-9404-c12c61de8106" testListId="8c84fa94-04c1-424b-9868-57a2d4851a1d" />
    <TestEntry testId="6de2e990-9c0e-36a5-0698-1e4a00a8eedf" executionId="c4e62224-83d3-453a-b489-c0f1d50ffa78" testListId="8c84fa94-04c1-424b-9868-57a2d4851a1d" />
    <TestEntry testId="f2f95cab-1a60-f4c8-f7e1-0e846b7744a8" executionId="735f9ee4-8947-44f4-9c83-c23ec151dbc4" testListId="8c84fa94-04c1-424b-9868-57a2d4851a1d" />
    <TestEntry testId="6c26d856-2c12-eb18-920e-2ee14f1b20e8" executionId="ef2d580c-8bee-439a-8571-bcfe0599dcdc" testListId="8c84fa94-04c1-424b-9868-57a2d4851a1d" />
    <TestEntry testId="afbea80b-52e5-b103-d373-30e4dd043544" executionId="f24902d7-ea10-4dab-8190-dda105bf5f1b" testListId="8c84fa94-04c1-424b-9868-57a2d4851a1d" />
    <TestEntry testId="150f06ed-feff-59bf-683d-99db2b017ad1" executionId="57befa09-8eb7-4212-997d-48a43c0285ea" testListId="8c84fa94-04c1-424b-9868-57a2d4851a1d" />
    <TestEntry testId="3661d179-064e-58b8-d0bb-96e879fbbc8d" executionId="b4c39295-a13b-4ab1-962f-18f27b3526dd" testListId="8c84fa94-04c1-424b-9868-57a2d4851a1d" />
    <TestEntry testId="f8943156-305c-acd8-cc05-fabdac5bf83b" executionId="7b75a6c3-4c9b-43b3-8b06-ba9818df861a" testListId="8c84fa94-04c1-424b-9868-57a2d4851a1d" />
    <TestEntry testId="64db5553-a90c-a809-6748-99e144849db7" executionId="28040748-b9f6-4082-af42-b734157afbfa" testListId="8c84fa94-04c1-424b-9868-57a2d4851a1d" />
    <TestEntry testId="cd9e8949-6789-9c60-049d-e8dbf86042a5" executionId="71e66344-ac1d-45c0-950c-e288622b12cd" testListId="8c84fa94-04c1-424b-9868-57a2d4851a1d" />
    <TestEntry testId="5ccf1ffc-0b6e-a9d6-b0e4-d7135718c16f" executionId="35005f96-a6b0-49de-b85c-4ca03928034c" testListId="8c84fa94-04c1-424b-9868-57a2d4851a1d" />
    <TestEntry testId="38c2fe3f-ae51-20b2-25a3-ce7255f86012" executionId="bd937387-a5b3-41db-a784-264de8e32b93" testListId="8c84fa94-04c1-424b-9868-57a2d4851a1d" />
  </TestEntries>
  <TestLists>
    <TestList name="Wyniki, których nie ma na liście" id="8c84fa94-04c1-424b-9868-57a2d4851a1d" />
    <TestList name="Wszystkie załadowane wyniki" id="19431567-8539-422a-85d7-44ee4e166bda" />
  </TestLists>
  <ResultSummary outcome="Failed">
    <Counters total="50" executed="50" passed="48" failed="2" error="0" timeout="0" aborted="0" inconclusive="0" passedButRunAborted="0" notRunnable="0" notExecuted="0" disconnected="0" warning="0" completed="0" inProgress="0" pending="0" />
    <Output>
      <StdOut>[xUnit.net 00:00:00.00] xUnit.net VSTest Adapter v3.0.1+f8675c32e5 (64-bit .NET 8.0.4)&#xD;
[xUnit.net 00:00:00.06]   Discovering: SimpleApiBackend.Tests&#xD;
[xUnit.net 00:00:00.08]   Discovered:  SimpleApiBackend.Tests&#xD;
[xUnit.net 00:00:00.09]   Starting:    SimpleApiBackend.Tests&#xD;
[xUnit.net 00:00:00.91]       Assert.Equal() Failure: Values differ&#xD;
[xUnit.net 00:00:00.91]       Expected: User deleted successfully.&#xD;
[xUnit.net 00:00:00.91]       Actual:   { message = "User and all associated data deleted successfully." }&#xD;
[xUnit.net 00:00:00.91]       Stack Trace:&#xD;
[xUnit.net 00:00:00.91]         C:\Users\qloro\OneDrive\Pulpit\Mateusz\SimpleApiBackend\SimpleApiBackend.Tests\AdminControllerTests.cs(140,0): at SimpleApiBackend.Tests.AdminControllerTests.DeleteUser_UserExists_DeletesUser()&#xD;
[xUnit.net 00:00:00.91]         --- End of stack trace from previous location ---&#xD;
[xUnit.net 00:00:01.65]       Assert.Equal() Failure: Values differ&#xD;
[xUnit.net 00:00:01.65]       Expected: Trip updated successfully.&#xD;
[xUnit.net 00:00:01.65]       Actual:   { message = "Trip updated successfully.", updatedTrip = Trip { CreatorId = 0, Description = "Updated Description", EndDate = 2025-01-24T19:22:22.3033185Z, Expenses = null, Invitations = null, ··· } }&#xD;
[xUnit.net 00:00:01.65]       Stack Trace:&#xD;
[xUnit.net 00:00:01.65]         C:\Users\qloro\OneDrive\Pulpit\Mateusz\SimpleApiBackend\SimpleApiBackend.Tests\AdminControllerTests.cs(182,0): at SimpleApiBackend.Tests.AdminControllerTests.EditTrip_TripExists_UpdatesTrip()&#xD;
[xUnit.net 00:00:01.65]         --- End of stack trace from previous location ---&#xD;
[xUnit.net 00:00:02.41]   Finished:    SimpleApiBackend.Tests&#xD;
</StdOut>
    </Output>
    <RunInfos>
      <RunInfo computerName="KOMPUTER" outcome="Error" timestamp="2025-01-17T20:22:21.5674731+01:00">
        <Text>[xUnit.net 00:00:00.91]     SimpleApiBackend.Tests.AdminControllerTests.DeleteUser_UserExists_DeletesUser [FAIL]</Text>
      </RunInfo>
      <RunInfo computerName="KOMPUTER" outcome="Error" timestamp="2025-01-17T20:22:22.3058620+01:00">
        <Text>[xUnit.net 00:00:01.65]     SimpleApiBackend.Tests.AdminControllerTests.EditTrip_TripExists_UpdatesTrip [FAIL]</Text>
      </RunInfo>
    </RunInfos>
  </ResultSummary>
</TestRun>